MEXTI_Program.c:33:6:MEXTI_voidInterruptSetPort	16	static
MEXTI_Program.c:39:6:MEXTI_voidInterruptEnableDisable	16	static
MEXTI_Program.c:53:6:MEXTI_voidInterruptTrigger	16	static
MEXTI_Program.c:73:6:MEXTI_voidSwInterrupt	16	static
MEXTI_Program.c:78:6:MEXTI_voidSetCallBack	16	static
MEXTI_Program.c:91:6:EXTI0_IRQHandler	8	static
MEXTI_Program.c:105:6:EXTI1_IRQHandler	8	static
MEXTI_Program.c:121:6:EXTI2_IRQHandler	8	static
MEXTI_Program.c:135:6:EXTI3_IRQHandler	8	static
MEXTI_Program.c:153:6:EXTI4_IRQHandler	8	static
MEXTI_Program.c:171:6:EXTI9_5_IRQHandler	8	static
MEXTI_Program.c:252:6:EXTI15_10_IRQHandler	8	static
