
Allocating common symbols
Common symbol       size              file

bss_var             0x3               main.o

Memory Configuration

Name             Origin             Length             Attributes
flash            0x08000000         0x00020000         xr
sram             0x20000000         0x00005000         xrw
*default*        0x00000000         0xffffffff

Linker script and memory map


.text           0x08000000      0x150
 *(.vectors*)
 .vectors       0x08000000       0x1c startup.o
                0x08000000                Vectors
 *(.text*)
 .text          0x0800001c       0x74 main.o
                0x0800001c                main
 .text          0x08000090       0xbc startup.o
                0x08000090                Bus_Fault_Handler
                0x08000090                MM_Fault_Handler
                0x08000090                Hard_Fault_Handler
                0x08000090                Default_Handler
                0x08000090                Usage_Fault_Handler
                0x08000090                NMI_Handler
                0x0800009c                Reset_Handler
 *(.rodata)
 .rodata        0x0800014c        0x4 main.o
                0x0800014c                const_variables
                0x08000150                _E_text = .

.glue_7         0x08000150        0x0
 .glue_7        0x00000000        0x0 linker stubs

.glue_7t        0x08000150        0x0
 .glue_7t       0x00000000        0x0 linker stubs

.vfp11_veneer   0x08000150        0x0
 .vfp11_veneer  0x00000000        0x0 linker stubs

.v4_bx          0x08000150        0x0
 .v4_bx         0x00000000        0x0 linker stubs

.iplt           0x08000150        0x0
 .iplt          0x00000000        0x0 main.o

.rel.dyn        0x08000150        0x0
 .rel.iplt      0x00000000        0x0 main.o

.data           0x20000000        0x8 load address 0x08000150
                0x20000000                _S_DATA = .
 *(.data)
 .data          0x20000000        0x8 main.o
                0x20000000                g_variables
 .data          0x20000008        0x0 startup.o
                0x20000008                . = ALIGN (0x4)
                0x20000008                _E_DATA = .

.igot.plt       0x20000008        0x0 load address 0x08000158
 .igot.plt      0x00000000        0x0 main.o

.bss            0x20000008     0x1007 load address 0x08000158
                0x20000008                _S_bss = .
 *(.bss)
 .bss           0x20000008        0x4 main.o
                0x20000008                ptr
 .bss           0x2000000c        0x0 startup.o
                0x2000000c                _E_bss = .
                0x2000000c                . = ALIGN (0x4)
                0x2000100c                . = (. + 0x1000)
 *fill*         0x2000000c     0x1000 
                0x2000100c                _stack_top = .
 COMMON         0x2000100c        0x3 main.o
                0x2000100c                bss_var
LOAD main.o
LOAD startup.o
OUTPUT(toggle_led_cortex_m3.elf elf32-littlearm)

.debug_info     0x00000000      0x2a5
 .debug_info    0x00000000      0x12f main.o
 .debug_info    0x0000012f      0x176 startup.o

.debug_abbrev   0x00000000      0x16f
 .debug_abbrev  0x00000000       0xad main.o
 .debug_abbrev  0x000000ad       0xc2 startup.o

.debug_loc      0x00000000       0x9c
 .debug_loc     0x00000000       0x38 main.o
 .debug_loc     0x00000038       0x64 startup.o

.debug_aranges  0x00000000       0x40
 .debug_aranges
                0x00000000       0x20 main.o
 .debug_aranges
                0x00000020       0x20 startup.o

.debug_line     0x00000000       0xd6
 .debug_line    0x00000000       0x5b main.o
 .debug_line    0x0000005b       0x7b startup.o

.debug_str      0x00000000      0x1be
 .debug_str     0x00000000      0x13e main.o
                                0x172 (size before relaxing)
 .debug_str     0x0000013e       0x80 startup.o
                                0x1c2 (size before relaxing)

.comment        0x00000000       0x11
 .comment       0x00000000       0x11 main.o
                                 0x12 (size before relaxing)
 .comment       0x00000000       0x12 startup.o

.ARM.attributes
                0x00000000       0x33
 .ARM.attributes
                0x00000000       0x33 main.o
 .ARM.attributes
                0x00000033       0x33 startup.o

.debug_frame    0x00000000       0x78
 .debug_frame   0x00000000       0x2c main.o
 .debug_frame   0x0000002c       0x4c startup.o
