17:27:14 **** Build of configuration Debug for project EmbeddedC_1 ****
make -j8 all 
arm-none-eabi-gcc -mcpu=cortex-m3 -g3 -c -x assembler-with-cpp -MMD -MP -MF"Startup/startup_stm32f103c6tx.d" -MT"Startup/startup_stm32f103c6tx.o" --specs=nano.specs -mfloat-abi=soft -mthumb -o "Startup/startup_stm32f103c6tx.o" "../Startup/startup_stm32f103c6tx.s"
arm-none-eabi-gcc "../Src/main.c" -mcpu=cortex-m3 -std=gnu11 -g3 -DSTM32 -DSTM32F1 -DSTM32F103C6Tx -DDEBUG -c -I../Inc -O0 -ffunction-sections -fdata-sections -Wall -fstack-usage -MMD -MP -MF"Src/main.d" -MT"Src/main.o" --specs=nano.specs -mfloat-abi=soft -mthumb -o "Src/main.o"
arm-none-eabi-gcc "../Src/syscalls.c" -mcpu=cortex-m3 -std=gnu11 -g3 -DSTM32 -DSTM32F1 -DSTM32F103C6Tx -DDEBUG -c -I../Inc -O0 -ffunction-sections -fdata-sections -Wall -fstack-usage -MMD -MP -MF"Src/syscalls.d" -MT"Src/syscalls.o" --specs=nano.specs -mfloat-abi=soft -mthumb -o "Src/syscalls.o"
arm-none-eabi-gcc "../Src/sysmem.c" -mcpu=cortex-m3 -std=gnu11 -g3 -DSTM32 -DSTM32F1 -DSTM32F103C6Tx -DDEBUG -c -I../Inc -O0 -ffunction-sections -fdata-sections -Wall -fstack-usage -MMD -MP -MF"Src/sysmem.d" -MT"Src/sysmem.o" --specs=nano.specs -mfloat-abi=soft -mthumb -o "Src/sysmem.o"
../Src/main.c: In function 'main':
../Src/main.c:30:8: warning: variable 'y' set but not used [-Wunused-but-set-variable]
  uint8 y;
        ^
arm-none-eabi-gcc -o "EmbeddedC_1.elf" @"objects.list"   -mcpu=cortex-m3 -T"E:\Embedded System_KS\Embedded System Online Diploma Github\Unit_3_Embedded_C\Lesson_1_Assignment2\EmbeddedC_1\STM32F103C6TX_FLASH.ld" --specs=nosys.specs -Wl,-Map="EmbeddedC_1.map" -Wl,--gc-sections -static --specs=nano.specs -mfloat-abi=soft -mthumb -Wl,--start-group -lc -lm -Wl,--end-group
Finished building target: EmbeddedC_1.elf
 
arm-none-eabi-size   EmbeddedC_1.elf 
arm-none-eabi-objdump -h -S  EmbeddedC_1.elf  > "EmbeddedC_1.list"
arm-none-eabi-objcopy  -O binary  EmbeddedC_1.elf  "EmbeddedC_1.bin"
   text	   data	    bss	    dec	    hex	filename
    568	      8	   1568	   2144	    860	EmbeddedC_1.elf
Finished building: default.size.stdout
 
Finished building: EmbeddedC_1.bin
Finished building: EmbeddedC_1.list
 
 
17:28:43 **** Incremental Build of configuration Debug for project EmbeddedC_1 ****
make -j8 all 
arm-none-eabi-gcc "../Src/main.c" -mcpu=cortex-m3 -std=gnu11 -g3 -DSTM32 -DSTM32F1 -DSTM32F103C6Tx -DDEBUG -c -I../Inc -O2 -ffunction-sections -fdata-sections -Wall -fstack-usage -MMD -MP -MF"Src/main.d" -MT"Src/main.o" --specs=nano.specs -mfloat-abi=soft -mthumb -o "Src/main.o"
arm-none-eabi-gcc "../Src/syscalls.c" -mcpu=cortex-m3 -std=gnu11 -g3 -DSTM32 -DSTM32F1 -DSTM32F103C6Tx -DDEBUG -c -I../Inc -O2 -ffunction-sections -fdata-sections -Wall -fstack-usage -MMD -MP -MF"Src/syscalls.d" -MT"Src/syscalls.o" --specs=nano.specs -mfloat-abi=soft -mthumb -o "Src/syscalls.o"
arm-none-eabi-gcc "../Src/sysmem.c" -mcpu=cortex-m3 -std=gnu11 -g3 -DSTM32 -DSTM32F1 -DSTM32F103C6Tx -DDEBUG -c -I../Inc -O2 -ffunction-sections -fdata-sections -Wall -fstack-usage -MMD -MP -MF"Src/sysmem.d" -MT"Src/sysmem.o" --specs=nano.specs -mfloat-abi=soft -mthumb -o "Src/sysmem.o"
../Src/main.c: In function 'main':
../Src/main.c:30:8: warning: variable 'y' set but not used [-Wunused-but-set-variable]
  uint8 y;
        ^
arm-none-eabi-gcc -o "EmbeddedC_1.elf" @"objects.list"   -mcpu=cortex-m3 -T"E:\Embedded System_KS\Embedded System Online Diploma Github\Unit_3_Embedded_C\Lesson_1_Assignment2\EmbeddedC_1\STM32F103C6TX_FLASH.ld" --specs=nosys.specs -Wl,-Map="EmbeddedC_1.map" -Wl,--gc-sections -static --specs=nano.specs -mfloat-abi=soft -mthumb -Wl,--start-group -lc -lm -Wl,--end-group
Finished building target: EmbeddedC_1.elf
 
arm-none-eabi-objdump -h -S  EmbeddedC_1.elf  > "EmbeddedC_1.list"
arm-none-eabi-objcopy  -O binary  EmbeddedC_1.elf  "EmbeddedC_1.bin"
arm-none-eabi-size   EmbeddedC_1.elf 
   text	   data	    bss	    dec	    hex	filename
    552	      8	   1568	   2128	    850	EmbeddedC_1.elf
Finished building: default.size.stdout
 
Finished building: EmbeddedC_1.bin
Finished building: EmbeddedC_1.list
 
 
17:29:16 **** Incremental Build of configuration Debug for project EmbeddedC_1 ****
make -j8 all 
arm-none-eabi-gcc "../Src/main.c" -mcpu=cortex-m3 -std=gnu11 -g3 -DSTM32 -DSTM32F1 -DSTM32F103C6Tx -DDEBUG -c -I../Inc -O3 -ffunction-sections -fdata-sections -Wall -fstack-usage -MMD -MP -MF"Src/main.d" -MT"Src/main.o" --specs=nano.specs -mfloat-abi=soft -mthumb -o "Src/main.o"
arm-none-eabi-gcc "../Src/syscalls.c" -mcpu=cortex-m3 -std=gnu11 -g3 -DSTM32 -DSTM32F1 -DSTM32F103C6Tx -DDEBUG -c -I../Inc -O3 -ffunction-sections -fdata-sections -Wall -fstack-usage -MMD -MP -MF"Src/syscalls.d" -MT"Src/syscalls.o" --specs=nano.specs -mfloat-abi=soft -mthumb -o "Src/syscalls.o"
arm-none-eabi-gcc "../Src/sysmem.c" -mcpu=cortex-m3 -std=gnu11 -g3 -DSTM32 -DSTM32F1 -DSTM32F103C6Tx -DDEBUG -c -I../Inc -O3 -ffunction-sections -fdata-sections -Wall -fstack-usage -MMD -MP -MF"Src/sysmem.d" -MT"Src/sysmem.o" --specs=nano.specs -mfloat-abi=soft -mthumb -o "Src/sysmem.o"
../Src/main.c: In function 'main':
../Src/main.c:30:8: warning: variable 'y' set but not used [-Wunused-but-set-variable]
  uint8 y;
        ^
arm-none-eabi-gcc -o "EmbeddedC_1.elf" @"objects.list"   -mcpu=cortex-m3 -T"E:\Embedded System_KS\Embedded System Online Diploma Github\Unit_3_Embedded_C\Lesson_1_Assignment2\EmbeddedC_1\STM32F103C6TX_FLASH.ld" --specs=nosys.specs -Wl,-Map="EmbeddedC_1.map" -Wl,--gc-sections -static --specs=nano.specs -mfloat-abi=soft -mthumb -Wl,--start-group -lc -lm -Wl,--end-group
Finished building target: EmbeddedC_1.elf
 
arm-none-eabi-objdump -h -S  EmbeddedC_1.elf  > "EmbeddedC_1.list"
arm-none-eabi-objcopy  -O binary  EmbeddedC_1.elf  "EmbeddedC_1.bin"
arm-none-eabi-size   EmbeddedC_1.elf 
   text	   data	    bss	    dec	    hex	filename
    552	      8	   1568	   2128	    850	EmbeddedC_1.elf
Finished building: default.size.stdout
 
Finished building: EmbeddedC_1.bin
 
Finished building: EmbeddedC_1.list
 
18:18:14 **** Incremental Build of configuration Debug for project EmbeddedC_1 ****
make -j8 all 
arm-none-eabi-gcc "../Src/main.c" -mcpu=cortex-m3 -std=gnu11 -g3 -DSTM32 -DSTM32F1 -DSTM32F103C6Tx -DDEBUG -c -I../Inc -O3 -ffunction-sections -fdata-sections -Wall -fstack-usage -MMD -MP -MF"Src/main.d" -MT"Src/main.o" --specs=nano.specs -mfloat-abi=soft -mthumb -o "Src/main.o"
../Src/main.c: In function 'main':
../Src/main.c:30:8: warning: variable 'y' set but not used [-Wunused-but-set-variable]
  uint8 y;
        ^
arm-none-eabi-gcc -o "EmbeddedC_1.elf" @"objects.list"   -mcpu=cortex-m3 -T"E:\Embedded System_KS\Embedded System Online Diploma Github\Unit_3_Embedded_C\Lesson_1_Assignment2\EmbeddedC_1\STM32F103C6TX_FLASH.ld" --specs=nosys.specs -Wl,-Map="EmbeddedC_1.map" -Wl,--gc-sections -static --specs=nano.specs -mfloat-abi=soft -mthumb -Wl,--start-group -lc -lm -Wl,--end-group
Finished building target: EmbeddedC_1.elf
 
arm-none-eabi-objdump -h -S  EmbeddedC_1.elf  > "EmbeddedC_1.list"
arm-none-eabi-objcopy  -O binary  EmbeddedC_1.elf  "EmbeddedC_1.bin"
arm-none-eabi-size   EmbeddedC_1.elf 
   text	   data	    bss	    dec	    hex	filename
    552	      8	   1568	   2128	    850	EmbeddedC_1.elf
Finished building: default.size.stdout
 
Finished building: EmbeddedC_1.bin
Finished building: EmbeddedC_1.list
 
 
18:18:15 **** Build of configuration Debug for project Led_Toogle ****
make -j8 all 
arm-none-eabi-gcc -mcpu=cortex-m3 -g3 -c -x assembler-with-cpp -MMD -MP -MF"Startup/startup_stm32f103c6tx.d" -MT"Startup/startup_stm32f103c6tx.o" --specs=nano.specs -mfloat-abi=soft -mthumb -o "Startup/startup_stm32f103c6tx.o" "../Startup/startup_stm32f103c6tx.s"
arm-none-eabi-gcc "../Src/main.c" -mcpu=cortex-m3 -std=gnu11 -g3 -DSTM32 -DSTM32F1 -DSTM32F103C6Tx -DDEBUG -c -I../Inc -O0 -ffunction-sections -fdata-sections -Wall -fstack-usage -MMD -MP -MF"Src/main.d" -MT"Src/main.o" --specs=nano.specs -mfloat-abi=soft -mthumb -o "Src/main.o"
arm-none-eabi-gcc "../Src/syscalls.c" -mcpu=cortex-m3 -std=gnu11 -g3 -DSTM32 -DSTM32F1 -DSTM32F103C6Tx -DDEBUG -c -I../Inc -O0 -ffunction-sections -fdata-sections -Wall -fstack-usage -MMD -MP -MF"Src/syscalls.d" -MT"Src/syscalls.o" --specs=nano.specs -mfloat-abi=soft -mthumb -o "Src/syscalls.o"
arm-none-eabi-gcc "../Src/sysmem.c" -mcpu=cortex-m3 -std=gnu11 -g3 -DSTM32 -DSTM32F1 -DSTM32F103C6Tx -DDEBUG -c -I../Inc -O0 -ffunction-sections -fdata-sections -Wall -fstack-usage -MMD -MP -MF"Src/sysmem.d" -MT"Src/sysmem.o" --specs=nano.specs -mfloat-abi=soft -mthumb -o "Src/sysmem.o"
arm-none-eabi-gcc -o "Led_Toogle.elf" @"objects.list"   -mcpu=cortex-m3 -T"E:\Embedded System_KS\Embedded System Online Diploma Github\Unit_3_Embedded_C\Lesson_1_Assignment2\Led_Toogle\STM32F103C6TX_FLASH.ld" --specs=nosys.specs -Wl,-Map="Led_Toogle.map" -Wl,--gc-sections -static --specs=nano.specs -mfloat-abi=soft -mthumb -Wl,--start-group -lc -lm -Wl,--end-group
Finished building target: Led_Toogle.elf
 
arm-none-eabi-size   Led_Toogle.elf 
arm-none-eabi-objdump -h -S  Led_Toogle.elf  > "Led_Toogle.list"
arm-none-eabi-objcopy  -O binary  Led_Toogle.elf  "Led_Toogle.bin"
   text	   data	    bss	    dec	    hex	filename
    596	      8	   1568	   2172	    87c	Led_Toogle.elf
Finished building: default.size.stdout
 
Finished building: Led_Toogle.bin
Finished building: Led_Toogle.list
 
 
18:19:30 **** Incremental Build of configuration Debug for project EmbeddedC_1 ****
make -j8 all 
arm-none-eabi-size   EmbeddedC_1.elf 
   text	   data	    bss	    dec	    hex	filename
    552	      8	   1568	   2128	    850	EmbeddedC_1.elf
Finished building: default.size.stdout
 
18:19:30 **** Incremental Build of configuration Debug for project Led_Toogle ****
make -j8 all 
arm-none-eabi-gcc "../Src/main.c" -mcpu=cortex-m3 -std=gnu11 -g3 -DSTM32 -DSTM32F1 -DSTM32F103C6Tx -DDEBUG -c -I../Inc -O0 -ffunction-sections -fdata-sections -Wall -fstack-usage -MMD -MP -MF"Src/main.d" -MT"Src/main.o" --specs=nano.specs -mfloat-abi=soft -mthumb -o "Src/main.o"
arm-none-eabi-gcc -o "Led_Toogle.elf" @"objects.list"   -mcpu=cortex-m3 -T"E:\Embedded System_KS\Embedded System Online Diploma Github\Unit_3_Embedded_C\Lesson_1_Assignment2\Led_Toogle\STM32F103C6TX_FLASH.ld" --specs=nosys.specs -Wl,-Map="Led_Toogle.map" -Wl,--gc-sections -static --specs=nano.specs -mfloat-abi=soft -mthumb -Wl,--start-group -lc -lm -Wl,--end-group
Finished building target: Led_Toogle.elf
 
arm-none-eabi-objdump -h -S  Led_Toogle.elf  > "Led_Toogle.list"
arm-none-eabi-objcopy  -O binary  Led_Toogle.elf  "Led_Toogle.bin"
arm-none-eabi-size   Led_Toogle.elf 
   text	   data	    bss	    dec	    hex	filename
    612	      8	   1568	   2188	    88c	Led_Toogle.elf
Finished building: default.size.stdout
 
Finished building: Led_Toogle.bin
Finished building: Led_Toogle.list
 
 
18:20:41 **** Incremental Build of configuration Debug for project EmbeddedC_1 ****
make -j8 all 
arm-none-eabi-size   EmbeddedC_1.elf 
   text	   data	    bss	    dec	    hex	filename
    552	      8	   1568	   2128	    850	EmbeddedC_1.elf
Finished building: default.size.stdout
 
18:20:41 **** Incremental Build of configuration Debug for project Led_Toogle ****
make -j8 all 
arm-none-eabi-gcc "../Src/main.c" -mcpu=cortex-m3 -std=gnu11 -g3 -DSTM32 -DSTM32F1 -DSTM32F103C6Tx -DDEBUG -c -I../Inc -O0 -ffunction-sections -fdata-sections -Wall -fstack-usage -MMD -MP -MF"Src/main.d" -MT"Src/main.o" --specs=nano.specs -mfloat-abi=soft -mthumb -o "Src/main.o"
arm-none-eabi-gcc -o "Led_Toogle.elf" @"objects.list"   -mcpu=cortex-m3 -T"E:\Embedded System_KS\Embedded System Online Diploma Github\Unit_3_Embedded_C\Lesson_1_Assignment2\Led_Toogle\STM32F103C6TX_FLASH.ld" --specs=nosys.specs -Wl,-Map="Led_Toogle.map" -Wl,--gc-sections -static --specs=nano.specs -mfloat-abi=soft -mthumb -Wl,--start-group -lc -lm -Wl,--end-group
Finished building target: Led_Toogle.elf
 
arm-none-eabi-objdump -h -S  Led_Toogle.elf  > "Led_Toogle.list"
arm-none-eabi-objcopy  -O binary  Led_Toogle.elf  "Led_Toogle.bin"
arm-none-eabi-size   Led_Toogle.elf 
   text	   data	    bss	    dec	    hex	filename
    636	      8	   1568	   2212	    8a4	Led_Toogle.elf
Finished building: default.size.stdout
 
Finished building: Led_Toogle.bin
Finished building: Led_Toogle.list
 
 
18:29:40 **** Incremental Build of configuration Debug for project EmbeddedC_1 ****
make -j8 all 
arm-none-eabi-size   EmbeddedC_1.elf 
   text	   data	    bss	    dec	    hex	filename
    552	      8	   1568	   2128	    850	EmbeddedC_1.elf
Finished building: default.size.stdout
 
18:29:40 **** Incremental Build of configuration Debug for project Led_Toogle ****
make -j8 all 
arm-none-eabi-size   Led_Toogle.elf 
arm-none-eabi-objcopy  -O ihex  Led_Toogle.elf  "Led_Toogle.hex"
   text	   data	    bss	    dec	    hex	filename
    636	      8	   1568	   2212	    8a4	Led_Toogle.elf
Finished building: default.size.stdout
 
Finished building: Led_Toogle.hex
 
18:37:34 **** Incremental Build of configuration Debug for project EmbeddedC_1 ****
make -j8 all 
arm-none-eabi-size   EmbeddedC_1.elf 
   text	   data	    bss	    dec	    hex	filename
    552	      8	   1568	   2128	    850	EmbeddedC_1.elf
Finished building: default.size.stdout
 
18:37:34 **** Incremental Build of configuration Debug for project Led_Toogle ****
make -j8 all 
arm-none-eabi-gcc "../Src/main.c" -mcpu=cortex-m3 -std=gnu11 -g3 -DSTM32 -DSTM32F1 -DSTM32F103C6Tx -DDEBUG -c -I../Inc -O0 -ffunction-sections -fdata-sections -Wall -fstack-usage -MMD -MP -MF"Src/main.d" -MT"Src/main.o" --specs=nano.specs -mfloat-abi=soft -mthumb -o "Src/main.o"
arm-none-eabi-gcc -o "Led_Toogle.elf" @"objects.list"   -mcpu=cortex-m3 -T"E:\Embedded System_KS\Embedded System Online Diploma Github\Unit_3_Embedded_C\Lesson_1_Assignment2\Led_Toogle\STM32F103C6TX_FLASH.ld" --specs=nosys.specs -Wl,-Map="Led_Toogle.map" -Wl,--gc-sections -static --specs=nano.specs -mfloat-abi=soft -mthumb -Wl,--start-group -lc -lm -Wl,--end-group
Finished building target: Led_Toogle.elf
 
arm-none-eabi-objdump -h -S  Led_Toogle.elf  > "Led_Toogle.list"
arm-none-eabi-objcopy  -O ihex  Led_Toogle.elf  "Led_Toogle.hex"
arm-none-eabi-objcopy  -O binary  Led_Toogle.elf  "Led_Toogle.bin"
arm-none-eabi-size   Led_Toogle.elf 
   text	   data	    bss	    dec	    hex	filename
    636	      8	   1568	   2212	    8a4	Led_Toogle.elf
Finished building: default.size.stdout
 
Finished building: Led_Toogle.hex
Finished building: Led_Toogle.bin
Finished building: Led_Toogle.list
 
 
 
18:39:06 **** Incremental Build of configuration Debug for project EmbeddedC_1 ****
make -j8 all 
arm-none-eabi-size   EmbeddedC_1.elf 
   text	   data	    bss	    dec	    hex	filename
    552	      8	   1568	   2128	    850	EmbeddedC_1.elf
Finished building: default.size.stdout
 
18:39:06 **** Incremental Build of configuration Debug for project Led_Toogle ****
make -j8 all 
arm-none-eabi-gcc "../Src/main.c" -mcpu=cortex-m3 -std=gnu11 -g3 -DSTM32 -DSTM32F1 -DSTM32F103C6Tx -DDEBUG -c -I../Inc -O0 -ffunction-sections -fdata-sections -Wall -fstack-usage -MMD -MP -MF"Src/main.d" -MT"Src/main.o" --specs=nano.specs -mfloat-abi=soft -mthumb -o "Src/main.o"
arm-none-eabi-gcc -o "Led_Toogle.elf" @"objects.list"   -mcpu=cortex-m3 -T"E:\Embedded System_KS\Embedded System Online Diploma Github\Unit_3_Embedded_C\Lesson_1_Assignment2\Led_Toogle\STM32F103C6TX_FLASH.ld" --specs=nosys.specs -Wl,-Map="Led_Toogle.map" -Wl,--gc-sections -static --specs=nano.specs -mfloat-abi=soft -mthumb -Wl,--start-group -lc -lm -Wl,--end-group
Finished building target: Led_Toogle.elf
 
arm-none-eabi-objdump -h -S  Led_Toogle.elf  > "Led_Toogle.list"
arm-none-eabi-objcopy  -O ihex  Led_Toogle.elf  "Led_Toogle.hex"
arm-none-eabi-objcopy  -O binary  Led_Toogle.elf  "Led_Toogle.bin"
arm-none-eabi-size   Led_Toogle.elf 
   text	   data	    bss	    dec	    hex	filename
    636	      8	   1568	   2212	    8a4	Led_Toogle.elf
Finished building: default.size.stdout
 
Finished building: Led_Toogle.hex
Finished building: Led_Toogle.bin
Finished building: Led_Toogle.list
 
 
 
