18:39:06 **** Incremental Build of configuration Debug for project Led_Toogle ****
make -j8 all 
arm-none-eabi-gcc "../Src/main.c" -mcpu=cortex-m3 -std=gnu11 -g3 -DSTM32 -DSTM32F1 -DSTM32F103C6Tx -DDEBUG -c -I../Inc -O0 -ffunction-sections -fdata-sections -Wall -fstack-usage -MMD -MP -MF"Src/main.d" -MT"Src/main.o" --specs=nano.specs -mfloat-abi=soft -mthumb -o "Src/main.o"
arm-none-eabi-gcc -o "Led_Toogle.elf" @"objects.list"   -mcpu=cortex-m3 -T"E:\Embedded System_KS\Embedded System Online Diploma Github\Unit_3_Embedded_C\Lesson_1_Assignment2\Led_Toogle\STM32F103C6TX_FLASH.ld" --specs=nosys.specs -Wl,-Map="Led_Toogle.map" -Wl,--gc-sections -static --specs=nano.specs -mfloat-abi=soft -mthumb -Wl,--start-group -lc -lm -Wl,--end-group
Finished building target: Led_Toogle.elf
 
arm-none-eabi-objdump -h -S  Led_Toogle.elf  > "Led_Toogle.list"
arm-none-eabi-objcopy  -O ihex  Led_Toogle.elf  "Led_Toogle.hex"
arm-none-eabi-objcopy  -O binary  Led_Toogle.elf  "Led_Toogle.bin"
arm-none-eabi-size   Led_Toogle.elf 
   text	   data	    bss	    dec	    hex	filename
    636	      8	   1568	   2212	    8a4	Led_Toogle.elf
Finished building: default.size.stdout
 
Finished building: Led_Toogle.hex
Finished building: Led_Toogle.bin
Finished building: Led_Toogle.list
 
 
 

18:39:07 Build Finished. 0 errors, 0 warnings. (took 627ms)

