13:22:04 **** Clean-only build of configuration Debug for project Lab1 ****
make -j8 clean 
rm -rf *
 
13:22:06 **** Build of configuration Debug for project Lab1 ****
make -j8 all 
arm-none-eabi-gcc "../Drivers/STM32F4xx_HAL_Driver/Src/stm32f4xx_hal.c" -mcpu=cortex-m4 -std=gnu11 -g -DUSE_HAL_DRIVER -DSTM32F401xC -DDEBUG -c -I../Core/Inc -I../Drivers/STM32F4xx_HAL_Driver/Inc -I../Drivers/STM32F4xx_HAL_Driver/Inc/Legacy -I../Drivers/CMSIS/Device/ST/STM32F4xx/Include -I../Drivers/CMSIS/Include -O0 -ffunction-sections -fdata-sections -Wall -fstack-usage -MMD -MP -MF"Drivers/STM32F4xx_HAL_Driver/Src/stm32f4xx_hal.d" -MT"Drivers/STM32F4xx_HAL_Driver/Src/stm32f4xx_hal.o" --specs=nano.specs -mfpu=fpv4-sp-d16 -mfloat-abi=hard -mthumb -o "Drivers/STM32F4xx_HAL_Driver/Src/stm32f4xx_hal.o"
arm-none-eabi-gcc "../Drivers/STM32F4xx_HAL_Driver/Src/stm32f4xx_hal_cortex.c" -mcpu=cortex-m4 -std=gnu11 -g -DUSE_HAL_DRIVER -DSTM32F401xC -DDEBUG -c -I../Core/Inc -I../Drivers/STM32F4xx_HAL_Driver/Inc -I../Drivers/STM32F4xx_HAL_Driver/Inc/Legacy -I../Drivers/CMSIS/Device/ST/STM32F4xx/Include -I../Drivers/CMSIS/Include -O0 -ffunction-sections -fdata-sections -Wall -fstack-usage -MMD -MP -MF"Drivers/STM32F4xx_HAL_Driver/Src/stm32f4xx_hal_cortex.d" -MT"Drivers/STM32F4xx_HAL_Driver/Src/stm32f4xx_hal_cortex.o" --specs=nano.specs -mfpu=fpv4-sp-d16 -mfloat-abi=hard -mthumb -o "Drivers/STM32F4xx_HAL_Driver/Src/stm32f4xx_hal_cortex.o"
arm-none-eabi-gcc "../Drivers/STM32F4xx_HAL_Driver/Src/stm32f4xx_hal_dma.c" -mcpu=cortex-m4 -std=gnu11 -g -DUSE_HAL_DRIVER -DSTM32F401xC -DDEBUG -c -I../Core/Inc -I../Drivers/STM32F4xx_HAL_Driver/Inc -I../Drivers/STM32F4xx_HAL_Driver/Inc/Legacy -I../Drivers/CMSIS/Device/ST/STM32F4xx/Include -I../Drivers/CMSIS/Include -O0 -ffunction-sections -fdata-sections -Wall -fstack-usage -MMD -MP -MF"Drivers/STM32F4xx_HAL_Driver/Src/stm32f4xx_hal_dma.d" -MT"Drivers/STM32F4xx_HAL_Driver/Src/stm32f4xx_hal_dma.o" --specs=nano.specs -mfpu=fpv4-sp-d16 -mfloat-abi=hard -mthumb -o "Drivers/STM32F4xx_HAL_Driver/Src/stm32f4xx_hal_dma.o"
arm-none-eabi-gcc "../Drivers/STM32F4xx_HAL_Driver/Src/stm32f4xx_hal_dma_ex.c" -mcpu=cortex-m4 -std=gnu11 -g -DUSE_HAL_DRIVER -DSTM32F401xC -DDEBUG -c -I../Core/Inc -I../Drivers/STM32F4xx_HAL_Driver/Inc -I../Drivers/STM32F4xx_HAL_Driver/Inc/Legacy -I../Drivers/CMSIS/Device/ST/STM32F4xx/Include -I../Drivers/CMSIS/Include -O0 -ffunction-sections -fdata-sections -Wall -fstack-usage -MMD -MP -MF"Drivers/STM32F4xx_HAL_Driver/Src/stm32f4xx_hal_dma_ex.d" -MT"Drivers/STM32F4xx_HAL_Driver/Src/stm32f4xx_hal_dma_ex.o" --specs=nano.specs -mfpu=fpv4-sp-d16 -mfloat-abi=hard -mthumb -o "Drivers/STM32F4xx_HAL_Driver/Src/stm32f4xx_hal_dma_ex.o"
arm-none-eabi-gcc "../Drivers/STM32F4xx_HAL_Driver/Src/stm32f4xx_hal_exti.c" -mcpu=cortex-m4 -std=gnu11 -g -DUSE_HAL_DRIVER -DSTM32F401xC -DDEBUG -c -I../Core/Inc -I../Drivers/STM32F4xx_HAL_Driver/Inc -I../Drivers/STM32F4xx_HAL_Driver/Inc/Legacy -I../Drivers/CMSIS/Device/ST/STM32F4xx/Include -I../Drivers/CMSIS/Include -O0 -ffunction-sections -fdata-sections -Wall -fstack-usage -MMD -MP -MF"Drivers/STM32F4xx_HAL_Driver/Src/stm32f4xx_hal_exti.d" -MT"Drivers/STM32F4xx_HAL_Driver/Src/stm32f4xx_hal_exti.o" --specs=nano.specs -mfpu=fpv4-sp-d16 -mfloat-abi=hard -mthumb -o "Drivers/STM32F4xx_HAL_Driver/Src/stm32f4xx_hal_exti.o"
arm-none-eabi-gcc "../Drivers/STM32F4xx_HAL_Driver/Src/stm32f4xx_hal_flash.c" -mcpu=cortex-m4 -std=gnu11 -g -DUSE_HAL_DRIVER -DSTM32F401xC -DDEBUG -c -I../Core/Inc -I../Drivers/STM32F4xx_HAL_Driver/Inc -I../Drivers/STM32F4xx_HAL_Driver/Inc/Legacy -I../Drivers/CMSIS/Device/ST/STM32F4xx/Include -I../Drivers/CMSIS/Include -O0 -ffunction-sections -fdata-sections -Wall -fstack-usage -MMD -MP -MF"Drivers/STM32F4xx_HAL_Driver/Src/stm32f4xx_hal_flash.d" -MT"Drivers/STM32F4xx_HAL_Driver/Src/stm32f4xx_hal_flash.o" --specs=nano.specs -mfpu=fpv4-sp-d16 -mfloat-abi=hard -mthumb -o "Drivers/STM32F4xx_HAL_Driver/Src/stm32f4xx_hal_flash.o"
arm-none-eabi-gcc "../Drivers/STM32F4xx_HAL_Driver/Src/stm32f4xx_hal_flash_ex.c" -mcpu=cortex-m4 -std=gnu11 -g -DUSE_HAL_DRIVER -DSTM32F401xC -DDEBUG -c -I../Core/Inc -I../Drivers/STM32F4xx_HAL_Driver/Inc -I../Drivers/STM32F4xx_HAL_Driver/Inc/Legacy -I../Drivers/CMSIS/Device/ST/STM32F4xx/Include -I../Drivers/CMSIS/Include -O0 -ffunction-sections -fdata-sections -Wall -fstack-usage -MMD -MP -MF"Drivers/STM32F4xx_HAL_Driver/Src/stm32f4xx_hal_flash_ex.d" -MT"Drivers/STM32F4xx_HAL_Driver/Src/stm32f4xx_hal_flash_ex.o" --specs=nano.specs -mfpu=fpv4-sp-d16 -mfloat-abi=hard -mthumb -o "Drivers/STM32F4xx_HAL_Driver/Src/stm32f4xx_hal_flash_ex.o"
arm-none-eabi-gcc "../Drivers/STM32F4xx_HAL_Driver/Src/stm32f4xx_hal_flash_ramfunc.c" -mcpu=cortex-m4 -std=gnu11 -g -DUSE_HAL_DRIVER -DSTM32F401xC -DDEBUG -c -I../Core/Inc -I../Drivers/STM32F4xx_HAL_Driver/Inc -I../Drivers/STM32F4xx_HAL_Driver/Inc/Legacy -I../Drivers/CMSIS/Device/ST/STM32F4xx/Include -I../Drivers/CMSIS/Include -O0 -ffunction-sections -fdata-sections -Wall -fstack-usage -MMD -MP -MF"Drivers/STM32F4xx_HAL_Driver/Src/stm32f4xx_hal_flash_ramfunc.d" -MT"Drivers/STM32F4xx_HAL_Driver/Src/stm32f4xx_hal_flash_ramfunc.o" --specs=nano.specs -mfpu=fpv4-sp-d16 -mfloat-abi=hard -mthumb -o "Drivers/STM32F4xx_HAL_Driver/Src/stm32f4xx_hal_flash_ramfunc.o"
arm-none-eabi-gcc "../Drivers/STM32F4xx_HAL_Driver/Src/stm32f4xx_hal_gpio.c" -mcpu=cortex-m4 -std=gnu11 -g -DUSE_HAL_DRIVER -DSTM32F401xC -DDEBUG -c -I../Core/Inc -I../Drivers/STM32F4xx_HAL_Driver/Inc -I../Drivers/STM32F4xx_HAL_Driver/Inc/Legacy -I../Drivers/CMSIS/Device/ST/STM32F4xx/Include -I../Drivers/CMSIS/Include -O0 -ffunction-sections -fdata-sections -Wall -fstack-usage -MMD -MP -MF"Drivers/STM32F4xx_HAL_Driver/Src/stm32f4xx_hal_gpio.d" -MT"Drivers/STM32F4xx_HAL_Driver/Src/stm32f4xx_hal_gpio.o" --specs=nano.specs -mfpu=fpv4-sp-d16 -mfloat-abi=hard -mthumb -o "Drivers/STM32F4xx_HAL_Driver/Src/stm32f4xx_hal_gpio.o"
arm-none-eabi-gcc "../Drivers/STM32F4xx_HAL_Driver/Src/stm32f4xx_hal_pwr.c" -mcpu=cortex-m4 -std=gnu11 -g -DUSE_HAL_DRIVER -DSTM32F401xC -DDEBUG -c -I../Core/Inc -I../Drivers/STM32F4xx_HAL_Driver/Inc -I../Drivers/STM32F4xx_HAL_Driver/Inc/Legacy -I../Drivers/CMSIS/Device/ST/STM32F4xx/Include -I../Drivers/CMSIS/Include -O0 -ffunction-sections -fdata-sections -Wall -fstack-usage -MMD -MP -MF"Drivers/STM32F4xx_HAL_Driver/Src/stm32f4xx_hal_pwr.d" -MT"Drivers/STM32F4xx_HAL_Driver/Src/stm32f4xx_hal_pwr.o" --specs=nano.specs -mfpu=fpv4-sp-d16 -mfloat-abi=hard -mthumb -o "Drivers/STM32F4xx_HAL_Driver/Src/stm32f4xx_hal_pwr.o"
arm-none-eabi-gcc "../Drivers/STM32F4xx_HAL_Driver/Src/stm32f4xx_hal_pwr_ex.c" -mcpu=cortex-m4 -std=gnu11 -g -DUSE_HAL_DRIVER -DSTM32F401xC -DDEBUG -c -I../Core/Inc -I../Drivers/STM32F4xx_HAL_Driver/Inc -I../Drivers/STM32F4xx_HAL_Driver/Inc/Legacy -I../Drivers/CMSIS/Device/ST/STM32F4xx/Include -I../Drivers/CMSIS/Include -O0 -ffunction-sections -fdata-sections -Wall -fstack-usage -MMD -MP -MF"Drivers/STM32F4xx_HAL_Driver/Src/stm32f4xx_hal_pwr_ex.d" -MT"Drivers/STM32F4xx_HAL_Driver/Src/stm32f4xx_hal_pwr_ex.o" --specs=nano.specs -mfpu=fpv4-sp-d16 -mfloat-abi=hard -mthumb -o "Drivers/STM32F4xx_HAL_Driver/Src/stm32f4xx_hal_pwr_ex.o"
arm-none-eabi-gcc "../Drivers/STM32F4xx_HAL_Driver/Src/stm32f4xx_hal_rcc.c" -mcpu=cortex-m4 -std=gnu11 -g -DUSE_HAL_DRIVER -DSTM32F401xC -DDEBUG -c -I../Core/Inc -I../Drivers/STM32F4xx_HAL_Driver/Inc -I../Drivers/STM32F4xx_HAL_Driver/Inc/Legacy -I../Drivers/CMSIS/Device/ST/STM32F4xx/Include -I../Drivers/CMSIS/Include -O0 -ffunction-sections -fdata-sections -Wall -fstack-usage -MMD -MP -MF"Drivers/STM32F4xx_HAL_Driver/Src/stm32f4xx_hal_rcc.d" -MT"Drivers/STM32F4xx_HAL_Driver/Src/stm32f4xx_hal_rcc.o" --specs=nano.specs -mfpu=fpv4-sp-d16 -mfloat-abi=hard -mthumb -o "Drivers/STM32F4xx_HAL_Driver/Src/stm32f4xx_hal_rcc.o"
arm-none-eabi-gcc "../Drivers/STM32F4xx_HAL_Driver/Src/stm32f4xx_hal_rcc_ex.c" -mcpu=cortex-m4 -std=gnu11 -g -DUSE_HAL_DRIVER -DSTM32F401xC -DDEBUG -c -I../Core/Inc -I../Drivers/STM32F4xx_HAL_Driver/Inc -I../Drivers/STM32F4xx_HAL_Driver/Inc/Legacy -I../Drivers/CMSIS/Device/ST/STM32F4xx/Include -I../Drivers/CMSIS/Include -O0 -ffunction-sections -fdata-sections -Wall -fstack-usage -MMD -MP -MF"Drivers/STM32F4xx_HAL_Driver/Src/stm32f4xx_hal_rcc_ex.d" -MT"Drivers/STM32F4xx_HAL_Driver/Src/stm32f4xx_hal_rcc_ex.o" --specs=nano.specs -mfpu=fpv4-sp-d16 -mfloat-abi=hard -mthumb -o "Drivers/STM32F4xx_HAL_Driver/Src/stm32f4xx_hal_rcc_ex.o"
arm-none-eabi-gcc "../Drivers/STM32F4xx_HAL_Driver/Src/stm32f4xx_hal_tim.c" -mcpu=cortex-m4 -std=gnu11 -g -DUSE_HAL_DRIVER -DSTM32F401xC -DDEBUG -c -I../Core/Inc -I../Drivers/STM32F4xx_HAL_Driver/Inc -I../Drivers/STM32F4xx_HAL_Driver/Inc/Legacy -I../Drivers/CMSIS/Device/ST/STM32F4xx/Include -I../Drivers/CMSIS/Include -O0 -ffunction-sections -fdata-sections -Wall -fstack-usage -MMD -MP -MF"Drivers/STM32F4xx_HAL_Driver/Src/stm32f4xx_hal_tim.d" -MT"Drivers/STM32F4xx_HAL_Driver/Src/stm32f4xx_hal_tim.o" --specs=nano.specs -mfpu=fpv4-sp-d16 -mfloat-abi=hard -mthumb -o "Drivers/STM32F4xx_HAL_Driver/Src/stm32f4xx_hal_tim.o"
arm-none-eabi-gcc "../Drivers/STM32F4xx_HAL_Driver/Src/stm32f4xx_hal_tim_ex.c" -mcpu=cortex-m4 -std=gnu11 -g -DUSE_HAL_DRIVER -DSTM32F401xC -DDEBUG -c -I../Core/Inc -I../Drivers/STM32F4xx_HAL_Driver/Inc -I../Drivers/STM32F4xx_HAL_Driver/Inc/Legacy -I../Drivers/CMSIS/Device/ST/STM32F4xx/Include -I../Drivers/CMSIS/Include -O0 -ffunction-sections -fdata-sections -Wall -fstack-usage -MMD -MP -MF"Drivers/STM32F4xx_HAL_Driver/Src/stm32f4xx_hal_tim_ex.d" -MT"Drivers/STM32F4xx_HAL_Driver/Src/stm32f4xx_hal_tim_ex.o" --specs=nano.specs -mfpu=fpv4-sp-d16 -mfloat-abi=hard -mthumb -o "Drivers/STM32F4xx_HAL_Driver/Src/stm32f4xx_hal_tim_ex.o"
arm-none-eabi-gcc -mcpu=cortex-m4 -g -c -x assembler-with-cpp -MMD -MP -MF"Core/Startup/startup_stm32f401ccfx.d" -MT"Core/Startup/startup_stm32f401ccfx.o" --specs=nano.specs -mfpu=fpv4-sp-d16 -mfloat-abi=hard -mthumb -o "Core/Startup/startup_stm32f401ccfx.o" "../Core/Startup/startup_stm32f401ccfx.s"
arm-none-eabi-gcc "../Core/Src/MEXTI_Program.c" -mcpu=cortex-m4 -std=gnu11 -g -DUSE_HAL_DRIVER -DSTM32F401xC -DDEBUG -c -I../Core/Inc -I../Drivers/STM32F4xx_HAL_Driver/Inc -I../Drivers/STM32F4xx_HAL_Driver/Inc/Legacy -I../Drivers/CMSIS/Device/ST/STM32F4xx/Include -I../Drivers/CMSIS/Include -O0 -ffunction-sections -fdata-sections -Wall -fstack-usage -MMD -MP -MF"Core/Src/MEXTI_Program.d" -MT"Core/Src/MEXTI_Program.o" --specs=nano.specs -mfpu=fpv4-sp-d16 -mfloat-abi=hard -mthumb -o "Core/Src/MEXTI_Program.o"
arm-none-eabi-gcc "../Core/Src/MGPIO_Program.c" -mcpu=cortex-m4 -std=gnu11 -g -DUSE_HAL_DRIVER -DSTM32F401xC -DDEBUG -c -I../Core/Inc -I../Drivers/STM32F4xx_HAL_Driver/Inc -I../Drivers/STM32F4xx_HAL_Driver/Inc/Legacy -I../Drivers/CMSIS/Device/ST/STM32F4xx/Include -I../Drivers/CMSIS/Include -O0 -ffunction-sections -fdata-sections -Wall -fstack-usage -MMD -MP -MF"Core/Src/MGPIO_Program.d" -MT"Core/Src/MGPIO_Program.o" --specs=nano.specs -mfpu=fpv4-sp-d16 -mfloat-abi=hard -mthumb -o "Core/Src/MGPIO_Program.o"
arm-none-eabi-gcc "../Core/Src/MNIVC_Program.c" -mcpu=cortex-m4 -std=gnu11 -g -DUSE_HAL_DRIVER -DSTM32F401xC -DDEBUG -c -I../Core/Inc -I../Drivers/STM32F4xx_HAL_Driver/Inc -I../Drivers/STM32F4xx_HAL_Driver/Inc/Legacy -I../Drivers/CMSIS/Device/ST/STM32F4xx/Include -I../Drivers/CMSIS/Include -O0 -ffunction-sections -fdata-sections -Wall -fstack-usage -MMD -MP -MF"Core/Src/MNIVC_Program.d" -MT"Core/Src/MNIVC_Program.o" --specs=nano.specs -mfpu=fpv4-sp-d16 -mfloat-abi=hard -mthumb -o "Core/Src/MNIVC_Program.o"
arm-none-eabi-gcc "../Core/Src/MRCC_Program.c" -mcpu=cortex-m4 -std=gnu11 -g -DUSE_HAL_DRIVER -DSTM32F401xC -DDEBUG -c -I../Core/Inc -I../Drivers/STM32F4xx_HAL_Driver/Inc -I../Drivers/STM32F4xx_HAL_Driver/Inc/Legacy -I../Drivers/CMSIS/Device/ST/STM32F4xx/Include -I../Drivers/CMSIS/Include -O0 -ffunction-sections -fdata-sections -Wall -fstack-usage -MMD -MP -MF"Core/Src/MRCC_Program.d" -MT"Core/Src/MRCC_Program.o" --specs=nano.specs -mfpu=fpv4-sp-d16 -mfloat-abi=hard -mthumb -o "Core/Src/MRCC_Program.o"
arm-none-eabi-gcc "../Core/Src/MSYSTICK_Program.c" -mcpu=cortex-m4 -std=gnu11 -g -DUSE_HAL_DRIVER -DSTM32F401xC -DDEBUG -c -I../Core/Inc -I../Drivers/STM32F4xx_HAL_Driver/Inc -I../Drivers/STM32F4xx_HAL_Driver/Inc/Legacy -I../Drivers/CMSIS/Device/ST/STM32F4xx/Include -I../Drivers/CMSIS/Include -O0 -ffunction-sections -fdata-sections -Wall -fstack-usage -MMD -MP -MF"Core/Src/MSYSTICK_Program.d" -MT"Core/Src/MSYSTICK_Program.o" --specs=nano.specs -mfpu=fpv4-sp-d16 -mfloat-abi=hard -mthumb -o "Core/Src/MSYSTICK_Program.o"
arm-none-eabi-gcc "../Core/Src/main.c" -mcpu=cortex-m4 -std=gnu11 -g -DUSE_HAL_DRIVER -DSTM32F401xC -DDEBUG -c -I../Core/Inc -I../Drivers/STM32F4xx_HAL_Driver/Inc -I../Drivers/STM32F4xx_HAL_Driver/Inc/Legacy -I../Drivers/CMSIS/Device/ST/STM32F4xx/Include -I../Drivers/CMSIS/Include -O0 -ffunction-sections -fdata-sections -Wall -fstack-usage -MMD -MP -MF"Core/Src/main.d" -MT"Core/Src/main.o" --specs=nano.specs -mfpu=fpv4-sp-d16 -mfloat-abi=hard -mthumb -o "Core/Src/main.o"
In file included from ../Core/Src/MNIVC_Program.c:19:0:
../Core/Src/..\Inc\MNVIC_Interface.h:75:0: warning: "EXTINT_SPI1_POSITION" redefined
 #define    EXTINT_SPI1_POSITION                         36
 
../Core/Src/..\Inc\MNVIC_Interface.h:74:0: note: this is the location of the previous definition
 #define    EXTINT_SPI1_POSITION                         35
 
In file included from ../Core/Src/main.c:6:0:
../Core/Src/../Inc/MNVIC_Interface.h:75:0: warning: "EXTINT_SPI1_POSITION" redefined
 #define    EXTINT_SPI1_POSITION                         36
 
../Core/Src/../Inc/MNVIC_Interface.h:74:0: note: this is the location of the previous definition
 #define    EXTINT_SPI1_POSITION                         35
 
../Core/Src/main.c:20:23: warning: initialization makes integer from pointer without a cast [-Wint-conversion]
 unsigned int _S_MSP = &_estack;
                       ^
../Core/Src/main.c: In function 'main':
../Core/Src/main.c:64:18: warning: unused variable 'ptr' [-Wunused-variable]
  volatile void (*ptr)()=func1;
                  ^~~
arm-none-eabi-gcc "../Core/Src/stm32f4xx_hal_msp.c" -mcpu=cortex-m4 -std=gnu11 -g -DUSE_HAL_DRIVER -DSTM32F401xC -DDEBUG -c -I../Core/Inc -I../Drivers/STM32F4xx_HAL_Driver/Inc -I../Drivers/STM32F4xx_HAL_Driver/Inc/Legacy -I../Drivers/CMSIS/Device/ST/STM32F4xx/Include -I../Drivers/CMSIS/Include -O0 -ffunction-sections -fdata-sections -Wall -fstack-usage -MMD -MP -MF"Core/Src/stm32f4xx_hal_msp.d" -MT"Core/Src/stm32f4xx_hal_msp.o" --specs=nano.specs -mfpu=fpv4-sp-d16 -mfloat-abi=hard -mthumb -o "Core/Src/stm32f4xx_hal_msp.o"
arm-none-eabi-gcc "../Core/Src/stm32f4xx_it.c" -mcpu=cortex-m4 -std=gnu11 -g -DUSE_HAL_DRIVER -DSTM32F401xC -DDEBUG -c -I../Core/Inc -I../Drivers/STM32F4xx_HAL_Driver/Inc -I../Drivers/STM32F4xx_HAL_Driver/Inc/Legacy -I../Drivers/CMSIS/Device/ST/STM32F4xx/Include -I../Drivers/CMSIS/Include -O0 -ffunction-sections -fdata-sections -Wall -fstack-usage -MMD -MP -MF"Core/Src/stm32f4xx_it.d" -MT"Core/Src/stm32f4xx_it.o" --specs=nano.specs -mfpu=fpv4-sp-d16 -mfloat-abi=hard -mthumb -o "Core/Src/stm32f4xx_it.o"
arm-none-eabi-gcc "../Core/Src/syscalls.c" -mcpu=cortex-m4 -std=gnu11 -g -DUSE_HAL_DRIVER -DSTM32F401xC -DDEBUG -c -I../Core/Inc -I../Drivers/STM32F4xx_HAL_Driver/Inc -I../Drivers/STM32F4xx_HAL_Driver/Inc/Legacy -I../Drivers/CMSIS/Device/ST/STM32F4xx/Include -I../Drivers/CMSIS/Include -O0 -ffunction-sections -fdata-sections -Wall -fstack-usage -MMD -MP -MF"Core/Src/syscalls.d" -MT"Core/Src/syscalls.o" --specs=nano.specs -mfpu=fpv4-sp-d16 -mfloat-abi=hard -mthumb -o "Core/Src/syscalls.o"
arm-none-eabi-gcc "../Core/Src/sysmem.c" -mcpu=cortex-m4 -std=gnu11 -g -DUSE_HAL_DRIVER -DSTM32F401xC -DDEBUG -c -I../Core/Inc -I../Drivers/STM32F4xx_HAL_Driver/Inc -I../Drivers/STM32F4xx_HAL_Driver/Inc/Legacy -I../Drivers/CMSIS/Device/ST/STM32F4xx/Include -I../Drivers/CMSIS/Include -O0 -ffunction-sections -fdata-sections -Wall -fstack-usage -MMD -MP -MF"Core/Src/sysmem.d" -MT"Core/Src/sysmem.o" --specs=nano.specs -mfpu=fpv4-sp-d16 -mfloat-abi=hard -mthumb -o "Core/Src/sysmem.o"
arm-none-eabi-gcc "../Core/Src/system_stm32f4xx.c" -mcpu=cortex-m4 -std=gnu11 -g -DUSE_HAL_DRIVER -DSTM32F401xC -DDEBUG -c -I../Core/Inc -I../Drivers/STM32F4xx_HAL_Driver/Inc -I../Drivers/STM32F4xx_HAL_Driver/Inc/Legacy -I../Drivers/CMSIS/Device/ST/STM32F4xx/Include -I../Drivers/CMSIS/Include -O0 -ffunction-sections -fdata-sections -Wall -fstack-usage -MMD -MP -MF"Core/Src/system_stm32f4xx.d" -MT"Core/Src/system_stm32f4xx.o" --specs=nano.specs -mfpu=fpv4-sp-d16 -mfloat-abi=hard -mthumb -o "Core/Src/system_stm32f4xx.o"
arm-none-eabi-gcc -o "Lab1.elf" @"objects.list"   -mcpu=cortex-m4 -T"E:\Embedded System_KS\Embedded System Online Diploma Github\Unit_15_Mastering_Arm_Cortex_M3_M4\Lesson5\Lab1\STM32F401CCFX_FLASH.ld" --specs=nosys.specs -Wl,-Map="Lab1.map" -Wl,--gc-sections -static --specs=nano.specs -mfpu=fpv4-sp-d16 -mfloat-abi=hard -mthumb -Wl,--start-group -lc -lm -Wl,--end-group
Finished building target: Lab1.elf
 
arm-none-eabi-size   Lab1.elf 
arm-none-eabi-objdump -h -S  Lab1.elf  > "Lab1.list"
arm-none-eabi-objcopy  -O binary  Lab1.elf  "Lab1.bin"
   text	   data	    bss	    dec	    hex	filename
   4400	     12	   1636	   6048	   17a0	Lab1.elf
Finished building: default.size.stdout
 
Finished building: Lab1.bin
 
Finished building: Lab1.list
 
03:21:54 **** Incremental Build of configuration Debug for project Lab1 ****
make -j8 all 
arm-none-eabi-gcc "../Core/Src/main.c" -mcpu=cortex-m4 -std=gnu11 -g -DUSE_HAL_DRIVER -DSTM32F401xC -DDEBUG -c -I../Core/Inc -I../Drivers/STM32F4xx_HAL_Driver/Inc -I../Drivers/STM32F4xx_HAL_Driver/Inc/Legacy -I../Drivers/CMSIS/Device/ST/STM32F4xx/Include -I../Drivers/CMSIS/Include -O0 -ffunction-sections -fdata-sections -Wall -fstack-usage -MMD -MP -MF"Core/Src/main.d" -MT"Core/Src/main.o" --specs=nano.specs -mfpu=fpv4-sp-d16 -mfloat-abi=hard -mthumb -o "Core/Src/main.o"
In file included from ../Core/Src/main.c:6:0:
../Core/Src/../Inc/MNVIC_Interface.h:75:0: warning: "EXTINT_SPI1_POSITION" redefined
 #define    EXTINT_SPI1_POSITION                         36
 
../Core/Src/../Inc/MNVIC_Interface.h:74:0: note: this is the location of the previous definition
 #define    EXTINT_SPI1_POSITION                         35
 
../Core/Src/main.c:24:23: warning: initialization makes integer from pointer without a cast [-Wint-conversion]
 unsigned int _S_MSP = &_estack;
                       ^
../Core/Src/main.c: In function 'Main_os':
../Core/Src/main.c:113:4: error: too few arguments to function 'TaskA'
    TaskA();
    ^~~~~
../Core/Src/main.c:65:5: note: declared here
 int TaskA(int a,int b,int c)
     ^~~~~
../Core/Src/main.c:118:4: error: too few arguments to function 'TaskB'
    TaskB();
    ^~~~~
../Core/Src/main.c:71:5: note: declared here
 int TaskB(int a,int b,int c,int d)
     ^~~~~
../Core/Src/main.c: In function 'main':
../Core/Src/main.c:127:18: warning: unused variable 'ptr' [-Wunused-variable]
  volatile void (*ptr)()=func1;
                  ^~~
make: *** [Core/Src/subdir.mk:58: Core/Src/main.o] Error 1
"make -j8 all" terminated with exit code 2. Build might be incomplete.
03:59:06 **** Incremental Build of configuration Debug for project Lab1 ****
make -j8 all 
arm-none-eabi-gcc "../Core/Src/main.c" -mcpu=cortex-m4 -std=gnu11 -g -DUSE_HAL_DRIVER -DSTM32F401xC -DDEBUG -c -I../Core/Inc -I../Drivers/STM32F4xx_HAL_Driver/Inc -I../Drivers/STM32F4xx_HAL_Driver/Inc/Legacy -I../Drivers/CMSIS/Device/ST/STM32F4xx/Include -I../Drivers/CMSIS/Include -O0 -ffunction-sections -fdata-sections -Wall -fstack-usage -MMD -MP -MF"Core/Src/main.d" -MT"Core/Src/main.o" --specs=nano.specs -mfpu=fpv4-sp-d16 -mfloat-abi=hard -mthumb -o "Core/Src/main.o"
In file included from ../Core/Src/main.c:6:0:
../Core/Src/../Inc/MNVIC_Interface.h:75:0: warning: "EXTINT_SPI1_POSITION" redefined
 #define    EXTINT_SPI1_POSITION                         36
 
../Core/Src/../Inc/MNVIC_Interface.h:74:0: note: this is the location of the previous definition
 #define    EXTINT_SPI1_POSITION                         35
 
../Core/Src/main.c:24:23: warning: initialization makes integer from pointer without a cast [-Wint-conversion]
 unsigned int _S_MSP = &_estack;
                       ^
../Core/Src/main.c: In function 'main':
../Core/Src/main.c:170:18: warning: unused variable 'ptr' [-Wunused-variable]
  volatile void (*ptr)()=func1;
                  ^~~
../Core/Src/main.c: In function 'Main_os':
../Core/Src/main.c:38:34: error: invalid 'asm': operand number missing after %-letter
 #define  OS_SET_PSP(add)         __asm volatile("mov r0,%in \n\t" \
                                  ^
../Core/Src/main.c:132:4: note: in expansion of macro 'OS_SET_PSP'
    OS_SET_PSP(_S_PSP_TA);
    ^~~~~~~~~~
../Core/Src/main.c:38:34: error: invalid 'asm': operand number missing after %-letter
 #define  OS_SET_PSP(add)         __asm volatile("mov r0,%in \n\t" \
                                  ^
../Core/Src/main.c:150:4: note: in expansion of macro 'OS_SET_PSP'
    OS_SET_PSP(_S_PSP_TB);
    ^~~~~~~~~~
make: *** [Core/Src/subdir.mk:58: Core/Src/main.o] Error 1
"make -j8 all" terminated with exit code 2. Build might be incomplete.
04:00:54 **** Incremental Build of configuration Debug for project Lab1 ****
make -j8 all 
arm-none-eabi-gcc "../Core/Src/main.c" -mcpu=cortex-m4 -std=gnu11 -g -DUSE_HAL_DRIVER -DSTM32F401xC -DDEBUG -c -I../Core/Inc -I../Drivers/STM32F4xx_HAL_Driver/Inc -I../Drivers/STM32F4xx_HAL_Driver/Inc/Legacy -I../Drivers/CMSIS/Device/ST/STM32F4xx/Include -I../Drivers/CMSIS/Include -O0 -ffunction-sections -fdata-sections -Wall -fstack-usage -MMD -MP -MF"Core/Src/main.d" -MT"Core/Src/main.o" --specs=nano.specs -mfpu=fpv4-sp-d16 -mfloat-abi=hard -mthumb -o "Core/Src/main.o"
In file included from ../Core/Src/main.c:6:0:
../Core/Src/../Inc/MNVIC_Interface.h:75:0: warning: "EXTINT_SPI1_POSITION" redefined
 #define    EXTINT_SPI1_POSITION                         36
 
../Core/Src/../Inc/MNVIC_Interface.h:74:0: note: this is the location of the previous definition
 #define    EXTINT_SPI1_POSITION                         35
 
../Core/Src/main.c:24:23: warning: initialization makes integer from pointer without a cast [-Wint-conversion]
 unsigned int _S_MSP = &_estack;
                       ^
../Core/Src/main.c: In function 'main':
../Core/Src/main.c:170:18: warning: unused variable 'ptr' [-Wunused-variable]
  volatile void (*ptr)()=func1;
                  ^~~
../Core/Src/main.c: In function 'Main_os':
../Core/Src/main.c:38:34: error: invalid 'asm': operand number missing after %-letter
 #define  OS_SET_PSP(add)         __asm volatile("mov r0,%in1 \n\t" \
                                  ^
../Core/Src/main.c:132:4: note: in expansion of macro 'OS_SET_PSP'
    OS_SET_PSP(_S_PSP_TA);
    ^~~~~~~~~~
../Core/Src/main.c:38:34: error: invalid 'asm': operand number missing after %-letter
 #define  OS_SET_PSP(add)         __asm volatile("mov r0,%in1 \n\t" \
                                  ^
../Core/Src/main.c:150:4: note: in expansion of macro 'OS_SET_PSP'
    OS_SET_PSP(_S_PSP_TB);
    ^~~~~~~~~~
make: *** [Core/Src/subdir.mk:58: Core/Src/main.o] Error 1
"make -j8 all" terminated with exit code 2. Build might be incomplete.
04:01:38 **** Incremental Build of configuration Debug for project Lab1 ****
make -j8 all 
arm-none-eabi-gcc "../Core/Src/main.c" -mcpu=cortex-m4 -std=gnu11 -g -DUSE_HAL_DRIVER -DSTM32F401xC -DDEBUG -c -I../Core/Inc -I../Drivers/STM32F4xx_HAL_Driver/Inc -I../Drivers/STM32F4xx_HAL_Driver/Inc/Legacy -I../Drivers/CMSIS/Device/ST/STM32F4xx/Include -I../Drivers/CMSIS/Include -O0 -ffunction-sections -fdata-sections -Wall -fstack-usage -MMD -MP -MF"Core/Src/main.d" -MT"Core/Src/main.o" --specs=nano.specs -mfpu=fpv4-sp-d16 -mfloat-abi=hard -mthumb -o "Core/Src/main.o"
In file included from ../Core/Src/main.c:6:0:
../Core/Src/../Inc/MNVIC_Interface.h:75:0: warning: "EXTINT_SPI1_POSITION" redefined
 #define    EXTINT_SPI1_POSITION                         36
 
../Core/Src/../Inc/MNVIC_Interface.h:74:0: note: this is the location of the previous definition
 #define    EXTINT_SPI1_POSITION                         35
 
../Core/Src/main.c:24:23: warning: initialization makes integer from pointer without a cast [-Wint-conversion]
 unsigned int _S_MSP = &_estack;
                       ^
../Core/Src/main.c: In function 'main':
../Core/Src/main.c:170:18: warning: unused variable 'ptr' [-Wunused-variable]
  volatile void (*ptr)()=func1;
                  ^~~
C:\Users\Ahmed\AppData\Local\Temp\cceZb1yN.s: Assembler messages:
C:\Users\Ahmed\AppData\Local\Temp\cceZb1yN.s:306: Error: garbage following instruction -- `orr r0,r1msr CONTROL,r0'
C:\Users\Ahmed\AppData\Local\Temp\cceZb1yN.s:331: Error: garbage following instruction -- `and r0,r1msr CONTROL,r0'
C:\Users\Ahmed\AppData\Local\Temp\cceZb1yN.s:354: Error: garbage following instruction -- `orr r0,r1msr CONTROL,r0'
C:\Users\Ahmed\AppData\Local\Temp\cceZb1yN.s:380: Error: garbage following instruction -- `and r0,r1msr CONTROL,r0'
make: *** [Core/Src/subdir.mk:58: Core/Src/main.o] Error 1
"make -j8 all" terminated with exit code 2. Build might be incomplete.
04:02:50 **** Incremental Build of configuration Debug for project Lab1 ****
make -j8 all 
arm-none-eabi-gcc "../Core/Src/main.c" -mcpu=cortex-m4 -std=gnu11 -g -DUSE_HAL_DRIVER -DSTM32F401xC -DDEBUG -c -I../Core/Inc -I../Drivers/STM32F4xx_HAL_Driver/Inc -I../Drivers/STM32F4xx_HAL_Driver/Inc/Legacy -I../Drivers/CMSIS/Device/ST/STM32F4xx/Include -I../Drivers/CMSIS/Include -O0 -ffunction-sections -fdata-sections -Wall -fstack-usage -MMD -MP -MF"Core/Src/main.d" -MT"Core/Src/main.o" --specs=nano.specs -mfpu=fpv4-sp-d16 -mfloat-abi=hard -mthumb -o "Core/Src/main.o"
In file included from ../Core/Src/main.c:6:0:
../Core/Src/../Inc/MNVIC_Interface.h:75:0: warning: "EXTINT_SPI1_POSITION" redefined
 #define    EXTINT_SPI1_POSITION                         36
 
../Core/Src/../Inc/MNVIC_Interface.h:74:0: note: this is the location of the previous definition
 #define    EXTINT_SPI1_POSITION                         35
 
../Core/Src/main.c:24:23: warning: initialization makes integer from pointer without a cast [-Wint-conversion]
 unsigned int _S_MSP = &_estack;
                       ^
../Core/Src/main.c: In function 'main':
../Core/Src/main.c:170:18: warning: unused variable 'ptr' [-Wunused-variable]
  volatile void (*ptr)()=func1;
                  ^~~
arm-none-eabi-gcc -o "Lab1.elf" @"objects.list"   -mcpu=cortex-m4 -T"E:\Embedded System_KS\Embedded System Online Diploma Github\Unit_15_Mastering_Arm_Cortex_M3_M4\Lesson5\Lab1\STM32F401CCFX_FLASH.ld" --specs=nosys.specs -Wl,-Map="Lab1.map" -Wl,--gc-sections -static --specs=nano.specs -mfpu=fpv4-sp-d16 -mfloat-abi=hard -mthumb -Wl,--start-group -lc -lm -Wl,--end-group
Core/Src/stm32f4xx_it.o: In function `SVC_Handler':
E:/Embedded System_KS/Embedded System Online Diploma Github/Unit_15_Mastering_Arm_Cortex_M3_M4/Lesson5/Lab1/Debug/../Core/Src/stm32f4xx_it.c:144: multiple definition of `SVC_Handler'
Core/Src/main.o:E:/Embedded System_KS/Embedded System Online Diploma Github/Unit_15_Mastering_Arm_Cortex_M3_M4/Lesson5/Lab1/Debug/../Core/Src/main.c:78: first defined here
collect2.exe: error: ld returned 1 exit status
make: *** [makefile:50: Lab1.elf] Error 1
"make -j8 all" terminated with exit code 2. Build might be incomplete.
04:03:40 **** Incremental Build of configuration Debug for project Lab1 ****
make -j8 all 
arm-none-eabi-gcc "../Core/Src/stm32f4xx_it.c" -mcpu=cortex-m4 -std=gnu11 -g -DUSE_HAL_DRIVER -DSTM32F401xC -DDEBUG -c -I../Core/Inc -I../Drivers/STM32F4xx_HAL_Driver/Inc -I../Drivers/STM32F4xx_HAL_Driver/Inc/Legacy -I../Drivers/CMSIS/Device/ST/STM32F4xx/Include -I../Drivers/CMSIS/Include -O0 -ffunction-sections -fdata-sections -Wall -fstack-usage -MMD -MP -MF"Core/Src/stm32f4xx_it.d" -MT"Core/Src/stm32f4xx_it.o" --specs=nano.specs -mfpu=fpv4-sp-d16 -mfloat-abi=hard -mthumb -o "Core/Src/stm32f4xx_it.o"
arm-none-eabi-gcc -o "Lab1.elf" @"objects.list"   -mcpu=cortex-m4 -T"E:\Embedded System_KS\Embedded System Online Diploma Github\Unit_15_Mastering_Arm_Cortex_M3_M4\Lesson5\Lab1\STM32F401CCFX_FLASH.ld" --specs=nosys.specs -Wl,-Map="Lab1.map" -Wl,--gc-sections -static --specs=nano.specs -mfpu=fpv4-sp-d16 -mfloat-abi=hard -mthumb -Wl,--start-group -lc -lm -Wl,--end-group
Finished building target: Lab1.elf
 
arm-none-eabi-objdump -h -S  Lab1.elf  > "Lab1.list"
arm-none-eabi-objcopy  -O binary  Lab1.elf  "Lab1.bin"
arm-none-eabi-size   Lab1.elf 
   text	   data	    bss	    dec	    hex	filename
   4764	     16	   1664	   6444	   192c	Lab1.elf
Finished building: default.size.stdout
 
Finished building: Lab1.bin
 
Finished building: Lab1.list
 
