Archive member included to satisfy reference by file (symbol)

c:/st/stm32cubeide_1.4.0/stm32cubeide/plugins/com.st.stm32cube.ide.mcu.externaltools.gnu-tools-for-stm32.7-2018-q2-update.win32_1.4.0.202007081208/tools/bin/../lib/gcc/arm-none-eabi/7.3.1/../../../../arm-none-eabi/lib/thumb/v7e-m/fpv4-sp/hard\libc_nano.a(lib_a-errno.o)
                              Core/Src/syscalls.o (__errno)
c:/st/stm32cubeide_1.4.0/stm32cubeide/plugins/com.st.stm32cube.ide.mcu.externaltools.gnu-tools-for-stm32.7-2018-q2-update.win32_1.4.0.202007081208/tools/bin/../lib/gcc/arm-none-eabi/7.3.1/../../../../arm-none-eabi/lib/thumb/v7e-m/fpv4-sp/hard\libc_nano.a(lib_a-exit.o)
                              c:/st/stm32cubeide_1.4.0/stm32cubeide/plugins/com.st.stm32cube.ide.mcu.externaltools.gnu-tools-for-stm32.7-2018-q2-update.win32_1.4.0.202007081208/tools/bin/../lib/gcc/arm-none-eabi/7.3.1/../../../../arm-none-eabi/lib/thumb/v7e-m/fpv4-sp/hard/crt0.o (exit)
c:/st/stm32cubeide_1.4.0/stm32cubeide/plugins/com.st.stm32cube.ide.mcu.externaltools.gnu-tools-for-stm32.7-2018-q2-update.win32_1.4.0.202007081208/tools/bin/../lib/gcc/arm-none-eabi/7.3.1/../../../../arm-none-eabi/lib/thumb/v7e-m/fpv4-sp/hard\libc_nano.a(lib_a-impure.o)
                              c:/st/stm32cubeide_1.4.0/stm32cubeide/plugins/com.st.stm32cube.ide.mcu.externaltools.gnu-tools-for-stm32.7-2018-q2-update.win32_1.4.0.202007081208/tools/bin/../lib/gcc/arm-none-eabi/7.3.1/../../../../arm-none-eabi/lib/thumb/v7e-m/fpv4-sp/hard\libc_nano.a(lib_a-exit.o) (_global_impure_ptr)
c:/st/stm32cubeide_1.4.0/stm32cubeide/plugins/com.st.stm32cube.ide.mcu.externaltools.gnu-tools-for-stm32.7-2018-q2-update.win32_1.4.0.202007081208/tools/bin/../lib/gcc/arm-none-eabi/7.3.1/../../../../arm-none-eabi/lib/thumb/v7e-m/fpv4-sp/hard\libc_nano.a(lib_a-init.o)
                              c:/st/stm32cubeide_1.4.0/stm32cubeide/plugins/com.st.stm32cube.ide.mcu.externaltools.gnu-tools-for-stm32.7-2018-q2-update.win32_1.4.0.202007081208/tools/bin/../lib/gcc/arm-none-eabi/7.3.1/../../../../arm-none-eabi/lib/thumb/v7e-m/fpv4-sp/hard/crt0.o (__libc_init_array)
c:/st/stm32cubeide_1.4.0/stm32cubeide/plugins/com.st.stm32cube.ide.mcu.externaltools.gnu-tools-for-stm32.7-2018-q2-update.win32_1.4.0.202007081208/tools/bin/../lib/gcc/arm-none-eabi/7.3.1/../../../../arm-none-eabi/lib/thumb/v7e-m/fpv4-sp/hard\libc_nano.a(lib_a-memset.o)
                              c:/st/stm32cubeide_1.4.0/stm32cubeide/plugins/com.st.stm32cube.ide.mcu.externaltools.gnu-tools-for-stm32.7-2018-q2-update.win32_1.4.0.202007081208/tools/bin/../lib/gcc/arm-none-eabi/7.3.1/../../../../arm-none-eabi/lib/thumb/v7e-m/fpv4-sp/hard/crt0.o (memset)
c:/st/stm32cubeide_1.4.0/stm32cubeide/plugins/com.st.stm32cube.ide.mcu.externaltools.gnu-tools-for-stm32.7-2018-q2-update.win32_1.4.0.202007081208/tools/bin/../lib/gcc/arm-none-eabi/7.3.1/thumb/v7e-m/fpv4-sp/hard\libgcc.a(_aeabi_uldivmod.o)
                              Drivers/STM32F4xx_HAL_Driver/Src/stm32f4xx_hal_rcc.o (__aeabi_uldivmod)
c:/st/stm32cubeide_1.4.0/stm32cubeide/plugins/com.st.stm32cube.ide.mcu.externaltools.gnu-tools-for-stm32.7-2018-q2-update.win32_1.4.0.202007081208/tools/bin/../lib/gcc/arm-none-eabi/7.3.1/thumb/v7e-m/fpv4-sp/hard\libgcc.a(_udivmoddi4.o)
                              c:/st/stm32cubeide_1.4.0/stm32cubeide/plugins/com.st.stm32cube.ide.mcu.externaltools.gnu-tools-for-stm32.7-2018-q2-update.win32_1.4.0.202007081208/tools/bin/../lib/gcc/arm-none-eabi/7.3.1/thumb/v7e-m/fpv4-sp/hard\libgcc.a(_aeabi_uldivmod.o) (__udivmoddi4)
c:/st/stm32cubeide_1.4.0/stm32cubeide/plugins/com.st.stm32cube.ide.mcu.externaltools.gnu-tools-for-stm32.7-2018-q2-update.win32_1.4.0.202007081208/tools/bin/../lib/gcc/arm-none-eabi/7.3.1/thumb/v7e-m/fpv4-sp/hard\libgcc.a(_dvmd_tls.o)
                              c:/st/stm32cubeide_1.4.0/stm32cubeide/plugins/com.st.stm32cube.ide.mcu.externaltools.gnu-tools-for-stm32.7-2018-q2-update.win32_1.4.0.202007081208/tools/bin/../lib/gcc/arm-none-eabi/7.3.1/thumb/v7e-m/fpv4-sp/hard\libgcc.a(_aeabi_uldivmod.o) (__aeabi_ldiv0)

Allocating common symbols
Common symbol       size              file

_E_MSP              0x4               Core/Src/main.o
TASKA_flag          0x1               Core/Src/main.o
_S_PSP_TA           0x4               Core/Src/main.o
uwTick              0x4               Drivers/STM32F4xx_HAL_Driver/Src/stm32f4xx_hal.o
pFlash              0x20              Drivers/STM32F4xx_HAL_Driver/Src/stm32f4xx_hal_flash.o
_S_PSP_TB           0x4               Core/Src/main.o
_E_PSP_TB           0x4               Core/Src/main.o
TASKB_flag          0x1               Core/Src/main.o
_E_PSP_TA           0x4               Core/Src/main.o

Discarded input sections

 .text          0x0000000000000000        0x0 c:/st/stm32cubeide_1.4.0/stm32cubeide/plugins/com.st.stm32cube.ide.mcu.externaltools.gnu-tools-for-stm32.7-2018-q2-update.win32_1.4.0.202007081208/tools/bin/../lib/gcc/arm-none-eabi/7.3.1/thumb/v7e-m/fpv4-sp/hard/crti.o
[...]
Memory Configuration

Name             Origin             Length             Attributes
RAM              0x0000000020000000 0x0000000000010000 xrw
FLASH            0x0000000008000000 0x0000000000040000 xr
*default*        0x0000000000000000 0xffffffffffffffff

Linker script and memory map

LOAD c:/st/stm32cubeide_1.4.0/stm32cubeide/plugins/com.st.stm32cube.ide.mcu.externaltools.gnu-tools-for-stm32.7-2018-q2-update.win32_1.4.0.202007081208/tools/bin/../lib/gcc/arm-none-eabi/7.3.1/thumb/v7e-m/fpv4-sp/hard/crti.o
LOAD c:/st/stm32cubeide_1.4.0/stm32cubeide/plugins/com.st.stm32cube.ide.mcu.externaltools.gnu-tools-for-stm32.7-2018-q2-update.win32_1.4.0.202007081208/tools/bin/../lib/gcc/arm-none-eabi/7.3.1/thumb/v7e-m/fpv4-sp/hard/crtbegin.o
LOAD c:/st/stm32cubeide_1.4.0/stm32cubeide/plugins/com.st.stm32cube.ide.mcu.externaltools.gnu-tools-for-stm32.7-2018-q2-update.win32_1.4.0.202007081208/tools/bin/../lib/gcc/arm-none-eabi/7.3.1/../../../../arm-none-eabi/lib/thumb/v7e-m/fpv4-sp/hard/crt0.o
LOAD Core/Src/MEXTI_Program.o
LOAD Core/Src/MGPIO_Program.o
LOAD Core/Src/MNIVC_Program.o
LOAD Core/Src/MRCC_Program.o
LOAD Core/Src/MSYSTICK_Program.o
LOAD Core/Src/main.o
LOAD Core/Src/stm32f4xx_hal_msp.o
LOAD Core/Src/stm32f4xx_it.o
LOAD Core/Src/syscalls.o
LOAD Core/Src/sysmem.o
LOAD Core/Src/system_stm32f4xx.o
LOAD Core/Startup/startup_stm32f401ccfx.o
LOAD Drivers/STM32F4xx_HAL_Driver/Src/stm32f4xx_hal.o
LOAD Drivers/STM32F4xx_HAL_Driver/Src/stm32f4xx_hal_cortex.o
LOAD Drivers/STM32F4xx_HAL_Driver/Src/stm32f4xx_hal_dma.o
LOAD Drivers/STM32F4xx_HAL_Driver/Src/stm32f4xx_hal_dma_ex.o
LOAD Drivers/STM32F4xx_HAL_Driver/Src/stm32f4xx_hal_exti.o
LOAD Drivers/STM32F4xx_HAL_Driver/Src/stm32f4xx_hal_flash.o
LOAD Drivers/STM32F4xx_HAL_Driver/Src/stm32f4xx_hal_flash_ex.o
LOAD Drivers/STM32F4xx_HAL_Driver/Src/stm32f4xx_hal_flash_ramfunc.o
LOAD Drivers/STM32F4xx_HAL_Driver/Src/stm32f4xx_hal_gpio.o
LOAD Drivers/STM32F4xx_HAL_Driver/Src/stm32f4xx_hal_pwr.o
LOAD Drivers/STM32F4xx_HAL_Driver/Src/stm32f4xx_hal_pwr_ex.o
LOAD Drivers/STM32F4xx_HAL_Driver/Src/stm32f4xx_hal_rcc.o
LOAD Drivers/STM32F4xx_HAL_Driver/Src/stm32f4xx_hal_rcc_ex.o
LOAD Drivers/STM32F4xx_HAL_Driver/Src/stm32f4xx_hal_tim.o
LOAD Drivers/STM32F4xx_HAL_Driver/Src/stm32f4xx_hal_tim_ex.o
START GROUP
LOAD c:/st/stm32cubeide_1.4.0/stm32cubeide/plugins/com.st.stm32cube.ide.mcu.externaltools.gnu-tools-for-stm32.7-2018-q2-update.win32_1.4.0.202007081208/tools/bin/../lib/gcc/arm-none-eabi/7.3.1/../../../../arm-none-eabi/lib/thumb/v7e-m/fpv4-sp/hard\libc_nano.a
LOAD c:/st/stm32cubeide_1.4.0/stm32cubeide/plugins/com.st.stm32cube.ide.mcu.externaltools.gnu-tools-for-stm32.7-2018-q2-update.win32_1.4.0.202007081208/tools/bin/../lib/gcc/arm-none-eabi/7.3.1/../../../../arm-none-eabi/lib/thumb/v7e-m/fpv4-sp/hard\libm.a
END GROUP
START GROUP
LOAD c:/st/stm32cubeide_1.4.0/stm32cubeide/plugins/com.st.stm32cube.ide.mcu.externaltools.gnu-tools-for-stm32.7-2018-q2-update.win32_1.4.0.202007081208/tools/bin/../lib/gcc/arm-none-eabi/7.3.1/thumb/v7e-m/fpv4-sp/hard\libgcc.a
LOAD c:/st/stm32cubeide_1.4.0/stm32cubeide/plugins/com.st.stm32cube.ide.mcu.externaltools.gnu-tools-for-stm32.7-2018-q2-update.win32_1.4.0.202007081208/tools/bin/../lib/gcc/arm-none-eabi/7.3.1/../../../../arm-none-eabi/lib/thumb/v7e-m/fpv4-sp/hard\libc_nano.a
END GROUP
START GROUP
LOAD c:/st/stm32cubeide_1.4.0/stm32cubeide/plugins/com.st.stm32cube.ide.mcu.externaltools.gnu-tools-for-stm32.7-2018-q2-update.win32_1.4.0.202007081208/tools/bin/../lib/gcc/arm-none-eabi/7.3.1/thumb/v7e-m/fpv4-sp/hard\libgcc.a
LOAD c:/st/stm32cubeide_1.4.0/stm32cubeide/plugins/com.st.stm32cube.ide.mcu.externaltools.gnu-tools-for-stm32.7-2018-q2-update.win32_1.4.0.202007081208/tools/bin/../lib/gcc/arm-none-eabi/7.3.1/../../../../arm-none-eabi/lib/thumb/v7e-m/fpv4-sp/hard\libc_nano.a
LOAD c:/st/stm32cubeide_1.4.0/stm32cubeide/plugins/com.st.stm32cube.ide.mcu.externaltools.gnu-tools-for-stm32.7-2018-q2-update.win32_1.4.0.202007081208/tools/bin/../lib/gcc/arm-none-eabi/7.3.1/../../../../arm-none-eabi/lib/thumb/v7e-m/fpv4-sp/hard\libnosys.a
END GROUP
START GROUP
LOAD c:/st/stm32cubeide_1.4.0/stm32cubeide/plugins/com.st.stm32cube.ide.mcu.externaltools.gnu-tools-for-stm32.7-2018-q2-update.win32_1.4.0.202007081208/tools/bin/../lib/gcc/arm-none-eabi/7.3.1/thumb/v7e-m/fpv4-sp/hard\libgcc.a
LOAD c:/st/stm32cubeide_1.4.0/stm32cubeide/plugins/com.st.stm32cube.ide.mcu.externaltools.gnu-tools-for-stm32.7-2018-q2-update.win32_1.4.0.202007081208/tools/bin/../lib/gcc/arm-none-eabi/7.3.1/../../../../arm-none-eabi/lib/thumb/v7e-m/fpv4-sp/hard\libc_nano.a
LOAD c:/st/stm32cubeide_1.4.0/stm32cubeide/plugins/com.st.stm32cube.ide.mcu.externaltools.gnu-tools-for-stm32.7-2018-q2-update.win32_1.4.0.202007081208/tools/bin/../lib/gcc/arm-none-eabi/7.3.1/../../../../arm-none-eabi/lib/thumb/v7e-m/fpv4-sp/hard\libnosys.a
END GROUP
LOAD c:/st/stm32cubeide_1.4.0/stm32cubeide/plugins/com.st.stm32cube.ide.mcu.externaltools.gnu-tools-for-stm32.7-2018-q2-update.win32_1.4.0.202007081208/tools/bin/../lib/gcc/arm-none-eabi/7.3.1/thumb/v7e-m/fpv4-sp/hard/crtend.o
LOAD c:/st/stm32cubeide_1.4.0/stm32cubeide/plugins/com.st.stm32cube.ide.mcu.externaltools.gnu-tools-for-stm32.7-2018-q2-update.win32_1.4.0.202007081208/tools/bin/../lib/gcc/arm-none-eabi/7.3.1/thumb/v7e-m/fpv4-sp/hard/crtn.o
                0x0000000020010000                _estack = (ORIGIN (RAM) + LENGTH (RAM))
                0x0000000000000200                _Min_Heap_Size = 0x200
                0x0000000000000400                _Min_Stack_Size = 0x400

.isr_vector     0x0000000008000000      0x194
                0x0000000008000000                . = ALIGN (0x4)
 *(.isr_vector)
 .isr_vector    0x0000000008000000      0x194 Core/Startup/startup_stm32f401ccfx.o
                0x0000000008000000                g_pfnVectors
                0x0000000008000194                . = ALIGN (0x4)

.text           0x0000000008000194     0x1108
                0x0000000008000194                . = ALIGN (0x4)
 *(.text)
 .text          0x0000000008000194       0x40 c:/st/stm32cubeide_1.4.0/stm32cubeide/plugins/com.st.stm32cube.ide.mcu.externaltools.gnu-tools-for-stm32.7-2018-q2-update.win32_1.4.0.202007081208/tools/bin/../lib/gcc/arm-none-eabi/7.3.1/thumb/v7e-m/fpv4-sp/hard/crtbegin.o
 *(.text*)
 .text.MEXTI_voidInterruptSetPort
                0x00000000080001d4       0x64 Core/Src/MEXTI_Program.o
                0x00000000080001d4                MEXTI_voidInterruptSetPort
 .text.MEXTI_voidInterruptEnableDisable
                0x0000000008000238       0x5c Core/Src/MEXTI_Program.o
                0x0000000008000238                MEXTI_voidInterruptEnableDisable
 .text.MEXTI_voidInterruptTrigger
                0x0000000008000294       0x88 Core/Src/MEXTI_Program.o
                0x0000000008000294                MEXTI_voidInterruptTrigger
 .text.MEXTI_voidSetCallBack
                0x000000000800031c       0x2c Core/Src/MEXTI_Program.o
                0x000000000800031c                MEXTI_voidSetCallBack
 .text.EXTI0_IRQHandler
                0x0000000008000348       0x2c Core/Src/MEXTI_Program.o
                0x0000000008000348                EXTI0_IRQHandler
 .text.EXTI1_IRQHandler
                0x0000000008000374       0x2c Core/Src/MEXTI_Program.o
                0x0000000008000374                EXTI1_IRQHandler
 .text.EXTI2_IRQHandler
                0x00000000080003a0       0x2c Core/Src/MEXTI_Program.o
                0x00000000080003a0                EXTI2_IRQHandler
 .text.EXTI3_IRQHandler
                0x00000000080003cc       0x2c Core/Src/MEXTI_Program.o
                0x00000000080003cc                EXTI3_IRQHandler
 .text.EXTI4_IRQHandler
                0x00000000080003f8       0x2c Core/Src/MEXTI_Program.o
                0x00000000080003f8                EXTI4_IRQHandler
 .text.EXTI9_5_IRQHandler
                0x0000000008000424       0xdc Core/Src/MEXTI_Program.o
                0x0000000008000424                EXTI9_5_IRQHandler
 .text.EXTI15_10_IRQHandler
                0x0000000008000500      0x104 Core/Src/MEXTI_Program.o
                0x0000000008000500                EXTI15_10_IRQHandler
 .text.MGPIO_SetMode
                0x0000000008000604       0xdc Core/Src/MGPIO_Program.o
                0x0000000008000604                MGPIO_SetMode
 .text.MGPIO_SetOutputPinMode
                0x00000000080006e0      0x148 Core/Src/MGPIO_Program.o
                0x00000000080006e0                MGPIO_SetOutputPinMode
 .text.MGPIO_SetInputPinMode
                0x0000000008000828       0xdc Core/Src/MGPIO_Program.o
                0x0000000008000828                MGPIO_SetInputPinMode
 .text.MGPIO_SetPinValue
                0x0000000008000904       0xd0 Core/Src/MGPIO_Program.o
                0x0000000008000904                MGPIO_SetPinValue
 .text.MNVIC_VoidEnbleInterrupt
                0x00000000080009d4       0x44 Core/Src/MNIVC_Program.o
                0x00000000080009d4                MNVIC_VoidEnbleInterrupt
 .text.MNVIC_VoidSetInterruptGroupMode
                0x0000000008000a18       0x44 Core/Src/MNIVC_Program.o
                0x0000000008000a18                MNVIC_VoidSetInterruptGroupMode
 .text.MNVIC_VoidSetInterruptPriority
                0x0000000008000a5c       0xf0 Core/Src/MNIVC_Program.o
                0x0000000008000a5c                MNVIC_VoidSetInterruptPriority
 .text.MRCC_Init
                0x0000000008000b4c       0x4c Core/Src/MRCC_Program.o
                0x0000000008000b4c                MRCC_Init
 .text.MRCC_Enable_Peripheral
                0x0000000008000b98       0x94 Core/Src/MRCC_Program.o
                0x0000000008000b98                MRCC_Enable_Peripheral
 .text.SYSTICK_voidInit
                0x0000000008000c2c       0x20 Core/Src/MSYSTICK_Program.o
                0x0000000008000c2c                SYSTICK_voidInit
 .text.SYSTICK_voidStart
                0x0000000008000c4c       0x34 Core/Src/MSYSTICK_Program.o
                0x0000000008000c4c                SYSTICK_voidStart
 .text.SYSTICK_voidDelayMs
                0x0000000008000c80       0x40 Core/Src/MSYSTICK_Program.o
                0x0000000008000c80                SYSTICK_voidDelayMs
 .text.SWITCH_CPU_AccessLevel
                0x0000000008000cc0       0x42 Core/Src/main.o
                0x0000000008000cc0                SWITCH_CPU_AccessLevel
 .text.SVC_Handler
                0x0000000008000d02        0xe Core/Src/main.o
                0x0000000008000d02                SVC_Handler
 .text.TaskA    0x0000000008000d10       0x22 Core/Src/main.o
                0x0000000008000d10                TaskA
 .text.TaskB    0x0000000008000d32       0x24 Core/Src/main.o
                0x0000000008000d32                TaskB
 *fill*         0x0000000008000d56        0x2 
 .text.Main_os  0x0000000008000d58       0xf8 Core/Src/main.o
                0x0000000008000d58                Main_os
 .text.main     0x0000000008000e50      0x1c8 Core/Src/main.o
                0x0000000008000e50                main
 .text.func1    0x0000000008001018       0xe6 Core/Src/main.o
                0x0000000008001018                func1
 *fill*         0x00000000080010fe        0x2 
 .text.func2    0x0000000008001100       0x44 Core/Src/main.o
                0x0000000008001100                func2
 .text.NMI_Handler
                0x0000000008001144        0xe Core/Src/stm32f4xx_it.o
                0x0000000008001144                NMI_Handler
 .text.HardFault_Handler
                0x0000000008001152        0x6 Core/Src/stm32f4xx_it.o
                0x0000000008001152                HardFault_Handler
 .text.MemManage_Handler
                0x0000000008001158        0x6 Core/Src/stm32f4xx_it.o
                0x0000000008001158                MemManage_Handler
 .text.BusFault_Handler
                0x000000000800115e        0x6 Core/Src/stm32f4xx_it.o
                0x000000000800115e                BusFault_Handler
 .text.UsageFault_Handler
                0x0000000008001164        0x6 Core/Src/stm32f4xx_it.o
                0x0000000008001164                UsageFault_Handler
 .text.DebugMon_Handler
                0x000000000800116a        0xe Core/Src/stm32f4xx_it.o
                0x000000000800116a                DebugMon_Handler
 .text.PendSV_Handler
                0x0000000008001178        0xe Core/Src/stm32f4xx_it.o
                0x0000000008001178                PendSV_Handler
 .text.SysTick_Handler
                0x0000000008001186        0xc Core/Src/stm32f4xx_it.o
                0x0000000008001186                SysTick_Handler
 *fill*         0x0000000008001192        0x2 
 .text.SystemInit
                0x0000000008001194       0x2c Core/Src/system_stm32f4xx.o
                0x0000000008001194                SystemInit
 .text.Reset_Handler
                0x00000000080011c0       0x50 Core/Startup/startup_stm32f401ccfx.o
                0x00000000080011c0                Reset_Handler
 .text.Default_Handler
                0x0000000008001210        0x2 Core/Startup/startup_stm32f401ccfx.o
                0x0000000008001210                RTC_Alarm_IRQHandler
                0x0000000008001210                SPI4_IRQHandler
                0x0000000008001210                TIM1_CC_IRQHandler
                0x0000000008001210                DMA2_Stream5_IRQHandler
                0x0000000008001210                DMA1_Stream5_IRQHandler
                0x0000000008001210                PVD_IRQHandler
                0x0000000008001210                SDIO_IRQHandler
                0x0000000008001210                TAMP_STAMP_IRQHandler
                0x0000000008001210                TIM1_UP_TIM10_IRQHandler
                0x0000000008001210                I2C3_ER_IRQHandler
                0x0000000008001210                I2C2_EV_IRQHandler
                0x0000000008001210                DMA1_Stream2_IRQHandler
                0x0000000008001210                FPU_IRQHandler
                0x0000000008001210                DMA2_Stream2_IRQHandler
                0x0000000008001210                SPI1_IRQHandler
                0x0000000008001210                TIM1_BRK_TIM9_IRQHandler
                0x0000000008001210                DMA2_Stream3_IRQHandler
                0x0000000008001210                USART6_IRQHandler
                0x0000000008001210                DMA2_Stream0_IRQHandler
                0x0000000008001210                TIM4_IRQHandler
                0x0000000008001210                I2C1_EV_IRQHandler
                0x0000000008001210                DMA1_Stream6_IRQHandler
                0x0000000008001210                DMA1_Stream1_IRQHandler
                0x0000000008001210                TIM3_IRQHandler
                0x0000000008001210                RCC_IRQHandler
                0x0000000008001210                Default_Handler
                0x0000000008001210                ADC_IRQHandler
                0x0000000008001210                DMA1_Stream7_IRQHandler
                0x0000000008001210                TIM5_IRQHandler
                0x0000000008001210                DMA2_Stream7_IRQHandler
                0x0000000008001210                I2C3_EV_IRQHandler
                0x0000000008001210                RTC_WKUP_IRQHandler
                0x0000000008001210                SPI2_IRQHandler
                0x0000000008001210                DMA1_Stream0_IRQHandler
                0x0000000008001210                WWDG_IRQHandler
                0x0000000008001210                TIM2_IRQHandler
                0x0000000008001210                OTG_FS_WKUP_IRQHandler
                0x0000000008001210                TIM1_TRG_COM_TIM11_IRQHandler
                0x0000000008001210                USART2_IRQHandler
                0x0000000008001210                I2C2_ER_IRQHandler
                0x0000000008001210                DMA2_Stream1_IRQHandler
                0x0000000008001210                FLASH_IRQHandler
                0x0000000008001210                DMA2_Stream4_IRQHandler
                0x0000000008001210                USART1_IRQHandler
                0x0000000008001210                OTG_FS_IRQHandler
                0x0000000008001210                SPI3_IRQHandler
                0x0000000008001210                DMA1_Stream4_IRQHandler
                0x0000000008001210                I2C1_ER_IRQHandler
                0x0000000008001210                DMA2_Stream6_IRQHandler
                0x0000000008001210                DMA1_Stream3_IRQHandler
 *fill*         0x0000000008001212        0x2 
 .text.HAL_IncTick
                0x0000000008001214       0x28 Drivers/STM32F4xx_HAL_Driver/Src/stm32f4xx_hal.o
                0x0000000008001214                HAL_IncTick
 .text.__libc_init_array
                0x000000000800123c       0x48 c:/st/stm32cubeide_1.4.0/stm32cubeide/plugins/com.st.stm32cube.ide.mcu.externaltools.gnu-tools-for-stm32.7-2018-q2-update.win32_1.4.0.202007081208/tools/bin/../lib/gcc/arm-none-eabi/7.3.1/../../../../arm-none-eabi/lib/thumb/v7e-m/fpv4-sp/hard\libc_nano.a(lib_a-init.o)
                0x000000000800123c                __libc_init_array
 *(.glue_7)
 .glue_7        0x0000000008001284        0x0 linker stubs
 *(.glue_7t)
 .glue_7t       0x0000000008001284        0x0 linker stubs
 *(.eh_frame)
 .eh_frame      0x0000000008001284        0x0 c:/st/stm32cubeide_1.4.0/stm32cubeide/plugins/com.st.stm32cube.ide.mcu.externaltools.gnu-tools-for-stm32.7-2018-q2-update.win32_1.4.0.202007081208/tools/bin/../lib/gcc/arm-none-eabi/7.3.1/thumb/v7e-m/fpv4-sp/hard/crtbegin.o
 *(.init)
 .init          0x0000000008001284        0x4 c:/st/stm32cubeide_1.4.0/stm32cubeide/plugins/com.st.stm32cube.ide.mcu.externaltools.gnu-tools-for-stm32.7-2018-q2-update.win32_1.4.0.202007081208/tools/bin/../lib/gcc/arm-none-eabi/7.3.1/thumb/v7e-m/fpv4-sp/hard/crti.o
                0x0000000008001284                _init
 .init          0x0000000008001288        0x8 c:/st/stm32cubeide_1.4.0/stm32cubeide/plugins/com.st.stm32cube.ide.mcu.externaltools.gnu-tools-for-stm32.7-2018-q2-update.win32_1.4.0.202007081208/tools/bin/../lib/gcc/arm-none-eabi/7.3.1/thumb/v7e-m/fpv4-sp/hard/crtn.o
 *(.fini)
 .fini          0x0000000008001290        0x4 c:/st/stm32cubeide_1.4.0/stm32cubeide/plugins/com.st.stm32cube.ide.mcu.externaltools.gnu-tools-for-stm32.7-2018-q2-update.win32_1.4.0.202007081208/tools/bin/../lib/gcc/arm-none-eabi/7.3.1/thumb/v7e-m/fpv4-sp/hard/crti.o
                0x0000000008001290                _fini
 .fini          0x0000000008001294        0x8 c:/st/stm32cubeide_1.4.0/stm32cubeide/plugins/com.st.stm32cube.ide.mcu.externaltools.gnu-tools-for-stm32.7-2018-q2-update.win32_1.4.0.202007081208/tools/bin/../lib/gcc/arm-none-eabi/7.3.1/thumb/v7e-m/fpv4-sp/hard/crtn.o
                0x000000000800129c                . = ALIGN (0x4)
                0x000000000800129c                _etext = .

.vfp11_veneer   0x000000000800129c        0x0
 .vfp11_veneer  0x000000000800129c        0x0 linker stubs

.v4_bx          0x000000000800129c        0x0
 .v4_bx         0x000000000800129c        0x0 linker stubs

.iplt           0x000000000800129c        0x0
 .iplt          0x000000000800129c        0x0 c:/st/stm32cubeide_1.4.0/stm32cubeide/plugins/com.st.stm32cube.ide.mcu.externaltools.gnu-tools-for-stm32.7-2018-q2-update.win32_1.4.0.202007081208/tools/bin/../lib/gcc/arm-none-eabi/7.3.1/thumb/v7e-m/fpv4-sp/hard/crtbegin.o

.rel.dyn        0x000000000800129c        0x0
 .rel.iplt      0x000000000800129c        0x0 c:/st/stm32cubeide_1.4.0/stm32cubeide/plugins/com.st.stm32cube.ide.mcu.externaltools.gnu-tools-for-stm32.7-2018-q2-update.win32_1.4.0.202007081208/tools/bin/../lib/gcc/arm-none-eabi/7.3.1/thumb/v7e-m/fpv4-sp/hard/crtbegin.o

.rodata         0x000000000800129c        0x0
                0x000000000800129c                . = ALIGN (0x4)
 *(.rodata)
 *(.rodata*)
                0x000000000800129c                . = ALIGN (0x4)

.ARM.extab      0x000000000800129c        0x0
                0x000000000800129c                . = ALIGN (0x4)
 *(.ARM.extab* .gnu.linkonce.armextab.*)
                0x000000000800129c                . = ALIGN (0x4)

.ARM            0x000000000800129c        0x0
                0x000000000800129c                . = ALIGN (0x4)
                0x000000000800129c                __exidx_start = .
 *(.ARM.exidx*)
                0x000000000800129c                __exidx_end = .
                0x000000000800129c                . = ALIGN (0x4)

.preinit_array  0x000000000800129c        0x0
                0x000000000800129c                . = ALIGN (0x4)
                0x000000000800129c                PROVIDE (__preinit_array_start = .)
 *(.preinit_array*)
                0x000000000800129c                PROVIDE (__preinit_array_end = .)
                0x000000000800129c                . = ALIGN (0x4)

.init_array     0x000000000800129c        0x4
                0x000000000800129c                . = ALIGN (0x4)
                0x000000000800129c                PROVIDE (__init_array_start = .)
 *(SORT_BY_NAME(.init_array.*))
 *(.init_array*)
 .init_array    0x000000000800129c        0x4 c:/st/stm32cubeide_1.4.0/stm32cubeide/plugins/com.st.stm32cube.ide.mcu.externaltools.gnu-tools-for-stm32.7-2018-q2-update.win32_1.4.0.202007081208/tools/bin/../lib/gcc/arm-none-eabi/7.3.1/thumb/v7e-m/fpv4-sp/hard/crtbegin.o
                0x00000000080012a0                PROVIDE (__init_array_end = .)
                0x00000000080012a0                . = ALIGN (0x4)

.fini_array     0x00000000080012a0        0x4
                0x00000000080012a0                . = ALIGN (0x4)
                [!provide]                        PROVIDE (__fini_array_start = .)
 *(SORT_BY_NAME(.fini_array.*))
 *(.fini_array*)
 .fini_array    0x00000000080012a0        0x4 c:/st/stm32cubeide_1.4.0/stm32cubeide/plugins/com.st.stm32cube.ide.mcu.externaltools.gnu-tools-for-stm32.7-2018-q2-update.win32_1.4.0.202007081208/tools/bin/../lib/gcc/arm-none-eabi/7.3.1/thumb/v7e-m/fpv4-sp/hard/crtbegin.o
                [!provide]                        PROVIDE (__fini_array_end = .)
                0x00000000080012a4                . = ALIGN (0x4)
                0x00000000080012a4                _sidata = LOADADDR (.data)

.data           0x0000000020000000        0x8 load address 0x00000000080012a4
                0x0000000020000000                . = ALIGN (0x4)
                0x0000000020000000                _sdata = .
 *(.data)
 *(.data*)
 .data._S_MSP   0x0000000020000000        0x4 Core/Src/main.o
                0x0000000020000000                _S_MSP
 .data.uwTickFreq
                0x0000000020000004        0x1 Drivers/STM32F4xx_HAL_Driver/Src/stm32f4xx_hal.o
                0x0000000020000004                uwTickFreq
                0x0000000020000008                . = ALIGN (0x4)
 *fill*         0x0000000020000005        0x3 
                0x0000000020000008                _edata = .

.igot.plt       0x0000000020000008        0x0 load address 0x00000000080012ac
 .igot.plt      0x0000000020000008        0x0 c:/st/stm32cubeide_1.4.0/stm32cubeide/plugins/com.st.stm32cube.ide.mcu.externaltools.gnu-tools-for-stm32.7-2018-q2-update.win32_1.4.0.202007081208/tools/bin/../lib/gcc/arm-none-eabi/7.3.1/thumb/v7e-m/fpv4-sp/hard/crtbegin.o
                0x0000000020000008                . = ALIGN (0x4)

.bss            0x0000000020000008       0x80 load address 0x00000000080012ac
                0x0000000020000008                _sbss = .
                0x0000000020000008                __bss_start__ = _sbss
 *(.bss)
 .bss           0x0000000020000008       0x1c c:/st/stm32cubeide_1.4.0/stm32cubeide/plugins/com.st.stm32cube.ide.mcu.externaltools.gnu-tools-for-stm32.7-2018-q2-update.win32_1.4.0.202007081208/tools/bin/../lib/gcc/arm-none-eabi/7.3.1/thumb/v7e-m/fpv4-sp/hard/crtbegin.o
 *(.bss*)
 .bss.Global_EXTIPtr
                0x0000000020000024       0x40 Core/Src/MEXTI_Program.o
 .bss.GroupMode
                0x0000000020000064        0x1 Core/Src/MNIVC_Program.o
 .bss.IRQ_flag  0x0000000020000065        0x1 Core/Src/main.o
                0x0000000020000065                IRQ_flag
 *(COMMON)
 *fill*         0x0000000020000066        0x2 
 COMMON         0x0000000020000068       0x1c Core/Src/main.o
                0x0000000020000068                _E_MSP
                0x000000002000006c                TASKA_flag
                0x0000000020000070                _S_PSP_TA
                0x0000000020000074                _S_PSP_TB
                0x0000000020000078                _E_PSP_TB
                0x000000002000007c                TASKB_flag
                0x0000000020000080                _E_PSP_TA
 COMMON         0x0000000020000084        0x4 Drivers/STM32F4xx_HAL_Driver/Src/stm32f4xx_hal.o
                0x0000000020000084                uwTick
                0x0000000020000088                . = ALIGN (0x4)
                0x0000000020000088                _ebss = .
                0x0000000020000088                __bss_end__ = _ebss

._user_heap_stack
                0x0000000020000088      0x600 load address 0x00000000080012ac
                0x0000000020000088                . = ALIGN (0x8)
                [!provide]                        PROVIDE (end = .)
                0x0000000020000088                PROVIDE (_end = .)
                0x0000000020000288                . = (. + _Min_Heap_Size)
 *fill*         0x0000000020000088      0x200 
                0x0000000020000688                . = (. + _Min_Stack_Size)
 *fill*         0x0000000020000288      0x400 
                0x0000000020000688                . = ALIGN (0x8)

/DISCARD/
 libc.a(*)
 libm.a(*)
 libgcc.a(*)

.ARM.attributes
                0x0000000000000000       0x30
 *(.ARM.attributes)
 .ARM.attributes
                0x0000000000000000       0x22 c:/st/stm32cubeide_1.4.0/stm32cubeide/plugins/com.st.stm32cube.ide.mcu.externaltools.gnu-tools-for-stm32.7-2018-q2-update.win32_1.4.0.202007081208/tools/bin/../lib/gcc/arm-none-eabi/7.3.1/thumb/v7e-m/fpv4-sp/hard/crti.o
 .ARM.attributes
                0x0000000000000022       0x34 c:/st/stm32cubeide_1.4.0/stm32cubeide/plugins/com.st.stm32cube.ide.mcu.externaltools.gnu-tools-for-stm32.7-2018-q2-update.win32_1.4.0.202007081208/tools/bin/../lib/gcc/arm-none-eabi/7.3.1/thumb/v7e-m/fpv4-sp/hard/crtbegin.o
 .ARM.attributes
                0x0000000000000056       0x39 Core/Src/MEXTI_Program.o
 .ARM.attributes
                0x000000000000008f       0x39 Core/Src/MGPIO_Program.o
 .ARM.attributes
                0x00000000000000c8       0x39 Core/Src/MNIVC_Program.o
 .ARM.attributes
                0x0000000000000101       0x39 Core/Src/MRCC_Program.o
 .ARM.attributes
                0x000000000000013a       0x39 Core/Src/MSYSTICK_Program.o
 .ARM.attributes
                0x0000000000000173       0x39 Core/Src/main.o
 .ARM.attributes
                0x00000000000001ac       0x39 Core/Src/stm32f4xx_it.o
 .ARM.attributes
                0x00000000000001e5       0x39 Core/Src/system_stm32f4xx.o
 .ARM.attributes
                0x000000000000021e       0x21 Core/Startup/startup_stm32f401ccfx.o
 .ARM.attributes
                0x000000000000023f       0x39 Drivers/STM32F4xx_HAL_Driver/Src/stm32f4xx_hal.o
 .ARM.attributes
                0x0000000000000278       0x34 c:/st/stm32cubeide_1.4.0/stm32cubeide/plugins/com.st.stm32cube.ide.mcu.externaltools.gnu-tools-for-stm32.7-2018-q2-update.win32_1.4.0.202007081208/tools/bin/../lib/gcc/arm-none-eabi/7.3.1/../../../../arm-none-eabi/lib/thumb/v7e-m/fpv4-sp/hard\libc_nano.a(lib_a-init.o)
 .ARM.attributes
                0x00000000000002ac       0x22 c:/st/stm32cubeide_1.4.0/stm32cubeide/plugins/com.st.stm32cube.ide.mcu.externaltools.gnu-tools-for-stm32.7-2018-q2-update.win32_1.4.0.202007081208/tools/bin/../lib/gcc/arm-none-eabi/7.3.1/thumb/v7e-m/fpv4-sp/hard/crtn.o
OUTPUT(Lab1.elf elf32-littlearm)

.debug_info     0x0000000000000000     0x22a8
 .debug_info    0x0000000000000000      0x3e6 Core/Src/MEXTI_Program.o
 .debug_info    0x00000000000003e6      0x389 Core/Src/MGPIO_Program.o
 .debug_info    0x000000000000076f      0x303 Core/Src/MNIVC_Program.o
 .debug_info    0x0000000000000a72      0x2a2 Core/Src/MRCC_Program.o
 .debug_info    0x0000000000000d14      0x1b3 Core/Src/MSYSTICK_Program.o
 .debug_info    0x0000000000000ec7      0x386 Core/Src/main.o
 .debug_info    0x000000000000124d      0x1f5 Core/Src/stm32f4xx_it.o
 .debug_info    0x0000000000001442      0x57a Core/Src/system_stm32f4xx.o
 .debug_info    0x00000000000019bc       0x22 Core/Startup/startup_stm32f401ccfx.o
 .debug_info    0x00000000000019de      0x8ca Drivers/STM32F4xx_HAL_Driver/Src/stm32f4xx_hal.o

.debug_abbrev   0x0000000000000000      0x9d0
 .debug_abbrev  0x0000000000000000      0x12d Core/Src/MEXTI_Program.o
 .debug_abbrev  0x000000000000012d       0xf1 Core/Src/MGPIO_Program.o
 .debug_abbrev  0x000000000000021e      0x101 Core/Src/MNIVC_Program.o
 .debug_abbrev  0x000000000000031f       0x96 Core/Src/MRCC_Program.o
 .debug_abbrev  0x00000000000003b5       0xd9 Core/Src/MSYSTICK_Program.o
 .debug_abbrev  0x000000000000048e      0x156 Core/Src/main.o
 .debug_abbrev  0x00000000000005e4       0xc3 Core/Src/stm32f4xx_it.o
 .debug_abbrev  0x00000000000006a7      0x128 Core/Src/system_stm32f4xx.o
 .debug_abbrev  0x00000000000007cf       0x12 Core/Startup/startup_stm32f401ccfx.o
 .debug_abbrev  0x00000000000007e1      0x1ef Drivers/STM32F4xx_HAL_Driver/Src/stm32f4xx_hal.o

.debug_aranges  0x0000000000000000      0x398
 .debug_aranges
                0x0000000000000000       0x78 Core/Src/MEXTI_Program.o
 .debug_aranges
                0x0000000000000078       0x58 Core/Src/MGPIO_Program.o
 .debug_aranges
                0x00000000000000d0       0x50 Core/Src/MNIVC_Program.o
 .debug_aranges
                0x0000000000000120       0x30 Core/Src/MRCC_Program.o
 .debug_aranges
                0x0000000000000150       0x58 Core/Src/MSYSTICK_Program.o
 .debug_aranges
                0x00000000000001a8       0x58 Core/Src/main.o
 .debug_aranges
                0x0000000000000200       0x58 Core/Src/stm32f4xx_it.o
 .debug_aranges
                0x0000000000000258       0x28 Core/Src/system_stm32f4xx.o
 .debug_aranges
                0x0000000000000280       0x28 Core/Startup/startup_stm32f401ccfx.o
 .debug_aranges
                0x00000000000002a8       0xf0 Drivers/STM32F4xx_HAL_Driver/Src/stm32f4xx_hal.o

.debug_ranges   0x0000000000000000      0x300
 .debug_ranges  0x0000000000000000       0x68 Core/Src/MEXTI_Program.o
 .debug_ranges  0x0000000000000068       0x48 Core/Src/MGPIO_Program.o
 .debug_ranges  0x00000000000000b0       0x40 Core/Src/MNIVC_Program.o
 .debug_ranges  0x00000000000000f0       0x20 Core/Src/MRCC_Program.o
 .debug_ranges  0x0000000000000110       0x48 Core/Src/MSYSTICK_Program.o
 .debug_ranges  0x0000000000000158       0x48 Core/Src/main.o
 .debug_ranges  0x00000000000001a0       0x48 Core/Src/stm32f4xx_it.o
 .debug_ranges  0x00000000000001e8       0x18 Core/Src/system_stm32f4xx.o
 .debug_ranges  0x0000000000000200       0x20 Core/Startup/startup_stm32f401ccfx.o
 .debug_ranges  0x0000000000000220       0xe0 Drivers/STM32F4xx_HAL_Driver/Src/stm32f4xx_hal.o

.debug_line     0x0000000000000000     0x1450
 .debug_line    0x0000000000000000      0x1aa Core/Src/MEXTI_Program.o
 .debug_line    0x00000000000001aa      0x2cc Core/Src/MGPIO_Program.o
 .debug_line    0x0000000000000476      0x115 Core/Src/MNIVC_Program.o
 .debug_line    0x000000000000058b       0xc8 Core/Src/MRCC_Program.o
 .debug_line    0x0000000000000653      0x11c Core/Src/MSYSTICK_Program.o
 .debug_line    0x000000000000076f      0x1e2 Core/Src/main.o
 .debug_line    0x0000000000000951      0x300 Core/Src/stm32f4xx_it.o
 .debug_line    0x0000000000000c51      0x2b5 Core/Src/system_stm32f4xx.o
 .debug_line    0x0000000000000f06       0x85 Core/Startup/startup_stm32f401ccfx.o
 .debug_line    0x0000000000000f8b      0x4c5 Drivers/STM32F4xx_HAL_Driver/Src/stm32f4xx_hal.o

.debug_str      0x0000000000000000     0x1609
 .debug_str     0x0000000000000000      0x4b0 Core/Src/MEXTI_Program.o
                                        0x4fd (size before relaxing)
 .debug_str     0x00000000000004b0      0x262 Core/Src/MGPIO_Program.o
                                        0x3fb (size before relaxing)
 .debug_str     0x0000000000000712      0x201 Core/Src/MNIVC_Program.o
                                        0x3b1 (size before relaxing)
 .debug_str     0x0000000000000913      0x1d5 Core/Src/MRCC_Program.o
                                        0x3aa (size before relaxing)
 .debug_str     0x0000000000000ae8      0x12c Core/Src/MSYSTICK_Program.o
                                        0x2c5 (size before relaxing)
 .debug_str     0x0000000000000c14       0xcb Core/Src/main.o
                                        0x467 (size before relaxing)
 .debug_str     0x0000000000000cdf      0x1a9 Core/Src/stm32f4xx_it.o
                                        0x35b (size before relaxing)
 .debug_str     0x0000000000000e88       0xe0 Core/Src/system_stm32f4xx.o
                                        0x479 (size before relaxing)
 .debug_str     0x0000000000000f68       0x36 Core/Startup/startup_stm32f401ccfx.o
                                         0xa8 (size before relaxing)
 .debug_str     0x0000000000000f9e      0x66b Drivers/STM32F4xx_HAL_Driver/Src/stm32f4xx_hal.o
                                        0xa64 (size before relaxing)

.comment        0x0000000000000000       0x7b
 .comment       0x0000000000000000       0x7b Core/Src/MEXTI_Program.o
                                         0x7c (size before relaxing)
 .comment       0x000000000000007b       0x7c Core/Src/MGPIO_Program.o
 .comment       0x000000000000007b       0x7c Core/Src/MNIVC_Program.o
 .comment       0x000000000000007b       0x7c Core/Src/MRCC_Program.o
 .comment       0x000000000000007b       0x7c Core/Src/MSYSTICK_Program.o
 .comment       0x000000000000007b       0x7c Core/Src/main.o
 .comment       0x000000000000007b       0x7c Core/Src/stm32f4xx_it.o
 .comment       0x000000000000007b       0x7c Core/Src/system_stm32f4xx.o
 .comment       0x000000000000007b       0x7c Drivers/STM32F4xx_HAL_Driver/Src/stm32f4xx_hal.o

.debug_frame    0x0000000000000000      0xbc0
 .debug_frame   0x0000000000000000      0x19c Core/Src/MEXTI_Program.o
 .debug_frame   0x000000000000019c      0x154 Core/Src/MGPIO_Program.o
 .debug_frame   0x00000000000002f0      0x128 Core/Src/MNIVC_Program.o
 .debug_frame   0x0000000000000418       0x80 Core/Src/MRCC_Program.o
 .debug_frame   0x0000000000000498      0x128 Core/Src/MSYSTICK_Program.o
 .debug_frame   0x00000000000005c0      0x11c Core/Src/main.o
 .debug_frame   0x00000000000006dc       0xec Core/Src/stm32f4xx_it.o
 .debug_frame   0x00000000000007c8       0x58 Core/Src/system_stm32f4xx.o
 .debug_frame   0x0000000000000820      0x374 Drivers/STM32F4xx_HAL_Driver/Src/stm32f4xx_hal.o
 .debug_frame   0x0000000000000b94       0x2c c:/st/stm32cubeide_1.4.0/stm32cubeide/plugins/com.st.stm32cube.ide.mcu.externaltools.gnu-tools-for-stm32.7-2018-q2-update.win32_1.4.0.202007081208/tools/bin/../lib/gcc/arm-none-eabi/7.3.1/../../../../arm-none-eabi/lib/thumb/v7e-m/fpv4-sp/hard\libc_nano.a(lib_a-init.o)
